<html>
<body>
<pre>
<h1>礦ision Build Log</h1>
<h2>Tool Versions:</h2>
IDE-Version: μVision V5.38.0.0
Copyright (C) 2022 ARM Ltd and ARM Germany GmbH. All rights reserved.
License Information: Ethy 9160, NULL, LIC=585FJ-U3M57-X7WRZ-JK3XP-TC5LF-JUJI8
 
Tool Versions:
Toolchain:       MDK-ARM Plus  Version: 5.38.0.0
Toolchain Path:  E:\Keil\ARM\ARMCLANG\Bin
C Compiler:      ArmClang.exe V6.19
Assembler:       Armasm.exe V6.19
Linker/Locator:  ArmLink.exe V6.19
Library Manager: ArmAr.exe V6.19
Hex Converter:   FromElf.exe V6.19
CPU DLL:         SARMCM3.DLL V5.38.0.0
Dialog DLL:      DCM.DLL V1.17.5.0
Target DLL:      STLink\ST-LINKIII-KEIL_SWO.dll V3.1.0.0
Dialog DLL:      TCM.DLL V1.56.4.0
 
<h2>Project:</h2>
D:\Sustech\2023Autumn\机电一体化系统设计\ME333_Final_Project\src\MDK-ARM\Motor-Test-1.uvprojx
Project File Date:  12/21/2023

<h2>Output:</h2>
*** Using Compiler 'V6.19', folder: 'E:\Keil\ARM\ARMCLANG\Bin'
Build target 'Motor-Test-1'
../Core/Src/tim.c(21): warning: In file included from...
../Core/Inc\tim.h(29): warning: In file included from...
../Core/Inc/main.h(31): warning: In file included from...
../Drivers/STM32F7xx_HAL_Driver/Inc\stm32f7xx_hal.h(29): warning: In file included from...
../Core/Inc\stm32f7xx_hal_conf.h(270): warning: In file included from...
../Drivers/STM32F7xx_HAL_Driver/Inc\stm32f7xx_hal_rcc.h(27): warning: In file included from...
../Drivers/STM32F7xx_HAL_Driver/Inc/stm32f7xx_hal_def.h(30): warning: In file included from...
../Drivers/STM32F7xx_HAL_Driver/Inc/Legacy/stm32_hal_legacy.h(3994): warning: 'ART_ACCLERATOR_ENABLE' macro redefined [-Wmacro-redefined]
#define ART_ACCLERATOR_ENABLE ART_ACCELERATOR_ENABLE
        ^
../Core/Inc\stm32f7xx_hal_conf.h(151): note: previous definition is here
#define  ART_ACCLERATOR_ENABLE        1U /* To enable instruction cache and prefetch */
         ^
1 warning generated.
compiling tim.c...
linking...
Program Size: Code=13608 RO-data=592 RW-data=16 ZI-data=1488  
FromELF: creating hex file...
"Motor-Test-1\Motor-Test-1.axf" - 0 Error(s), 1 Warning(s).

<h2>Software Packages used:</h2>

Package Vendor: ARM
                http://www.keil.com/pack/ARM.CMSIS.5.9.0.pack
                ARM.CMSIS.5.9.0
                CMSIS (Common Microcontroller Software Interface Standard)
   * Component: CORE Version: 5.6.0

Package Vendor: Keil
                https://www.keil.com/pack/Keil.STM32F7xx_DFP.2.15.2.pack
                Keil.STM32F7xx_DFP.2.15.2
                STMicroelectronics STM32F7 Series Device Support, Drivers and Examples

<h2>Collection of Component include folders:</h2>
  ./RTE/_Motor-Test-1
  E:/Keil/pack/ARM/CMSIS/5.9.0/CMSIS/Core/Include
  E:/Keil/pack/Keil/STM32F7xx_DFP/2.15.2/Drivers/CMSIS/Device/ST/STM32F7xx/Include

<h2>Collection of Component Files used:</h2>

   * Component: ARM::CMSIS:CORE:5.6.0
Build Time Elapsed:  00:00:01
</pre>
</body>
</html>
