Component: ARM Compiler 6.13.1 Tool: armlink [5d895400]

==============================================================================

Section Cross References

    startup_stm32f767xx.o(RESET) refers to startup_stm32f767xx.o(STACK) for __initial_sp
    startup_stm32f767xx.o(RESET) refers to startup_stm32f767xx.o(.text) for Reset_Handler
    startup_stm32f767xx.o(RESET) refers to stm32f7xx_it.o(.text.NMI_Handler) for NMI_Handler
    startup_stm32f767xx.o(RESET) refers to stm32f7xx_it.o(.text.HardFault_Handler) for HardFault_Handler
    startup_stm32f767xx.o(RESET) refers to stm32f7xx_it.o(.text.MemManage_Handler) for MemManage_Handler
    startup_stm32f767xx.o(RESET) refers to stm32f7xx_it.o(.text.BusFault_Handler) for BusFault_Handler
    startup_stm32f767xx.o(RESET) refers to stm32f7xx_it.o(.text.UsageFault_Handler) for UsageFault_Handler
    startup_stm32f767xx.o(RESET) refers to stm32f7xx_it.o(.text.SVC_Handler) for SVC_Handler
    startup_stm32f767xx.o(RESET) refers to stm32f7xx_it.o(.text.DebugMon_Handler) for DebugMon_Handler
    startup_stm32f767xx.o(RESET) refers to stm32f7xx_it.o(.text.PendSV_Handler) for PendSV_Handler
    startup_stm32f767xx.o(RESET) refers to stm32f7xx_it.o(.text.SysTick_Handler) for SysTick_Handler
    startup_stm32f767xx.o(RESET) refers to stm32f7xx_it.o(.text.TIM1_UP_TIM10_IRQHandler) for TIM1_UP_TIM10_IRQHandler
    startup_stm32f767xx.o(.text) refers to system_stm32f7xx.o(.text.SystemInit) for SystemInit
    startup_stm32f767xx.o(.text) refers to entry.o(.ARM.Collect$$$$00000000) for __main
    main.o(.text.main) refers to stm32f7xx_hal.o(.text.HAL_Init) for HAL_Init
    main.o(.text.main) refers to main.o(.text.SystemClock_Config) for SystemClock_Config
    main.o(.text.main) refers to gpio.o(.text.MX_GPIO_Init) for MX_GPIO_Init
    main.o(.text.main) refers to usart.o(.text.MX_USART1_UART_Init) for MX_USART1_UART_Init
    main.o(.text.main) refers to usart.o(.text.MX_USART2_UART_Init) for MX_USART2_UART_Init
    main.o(.text.main) refers to tim.o(.text.MX_TIM1_Init) for MX_TIM1_Init
    main.o(.text.main) refers to tim.o(.text.MX_TIM2_Init) for MX_TIM2_Init
    main.o(.text.main) refers to stm32f7xx_hal_tim.o(.text.HAL_TIM_Base_Start_IT) for HAL_TIM_Base_Start_IT
    main.o(.text.main) refers to stm32f7xx_hal_tim.o(.text.HAL_TIM_Base_Start) for HAL_TIM_Base_Start
    main.o(.text.main) refers to stm32f7xx_hal.o(.text.HAL_Delay) for HAL_Delay
    main.o(.text.main) refers to printfa.o(i.__0printf) for __2printf
    main.o(.text.main) refers to puts.o(i.puts) for puts
    main.o(.text.main) refers to stm32f7xx_hal_gpio.o(.text.HAL_GPIO_TogglePin) for HAL_GPIO_TogglePin
    main.o(.text.main) refers to usart.o(.text.Motor_Rotate) for Motor_Rotate
    main.o(.text.main) refers to tim.o(.bss.htim1) for htim1
    main.o(.text.main) refers to tim.o(.bss..L_MergedGlobals) for htim2
    main.o(.text.main) refers to stm32f7xx_hal_gpio.o(.text.HAL_GPIO_WritePin) for HAL_GPIO_WritePin
    main.o(.text.main) refers to main.o(.bss.RGB_Scale) for RGB_Scale
    main.o(.text.main) refers to gpio.o(.bss..L_MergedGlobals) for count
    main.o(.ARM.exidx.text.main) refers to main.o(.text.main) for [Anonymous Symbol]
    main.o(.text.SystemClock_Config) refers to stm32f7xx_hal_rcc.o(.text.HAL_RCC_OscConfig) for HAL_RCC_OscConfig
    main.o(.text.SystemClock_Config) refers to stm32f7xx_hal_pwr_ex.o(.text.HAL_PWREx_EnableOverDrive) for HAL_PWREx_EnableOverDrive
    main.o(.text.SystemClock_Config) refers to stm32f7xx_hal_rcc.o(.text.HAL_RCC_ClockConfig) for HAL_RCC_ClockConfig
    main.o(.ARM.exidx.text.SystemClock_Config) refers to main.o(.text.SystemClock_Config) for [Anonymous Symbol]
    main.o(.ARM.exidx.text.Error_Handler) refers to main.o(.text.Error_Handler) for [Anonymous Symbol]
    gpio.o(.text.filter) refers to stm32f7xx_hal_gpio.o(.text.HAL_GPIO_WritePin) for HAL_GPIO_WritePin
    gpio.o(.ARM.exidx.text.filter) refers to gpio.o(.text.filter) for [Anonymous Symbol]
    gpio.o(.text.TCS_Next) refers to gpio.o(.text.filter) for filter
    gpio.o(.text.TCS_Next) refers to gpio.o(.bss..L_MergedGlobals) for [Anonymous Symbol]
    gpio.o(.ARM.exidx.text.TCS_Next) refers to gpio.o(.text.TCS_Next) for [Anonymous Symbol]
    gpio.o(.text.MX_GPIO_Init) refers to stm32f7xx_hal_gpio.o(.text.HAL_GPIO_WritePin) for HAL_GPIO_WritePin
    gpio.o(.text.MX_GPIO_Init) refers to stm32f7xx_hal_gpio.o(.text.HAL_GPIO_Init) for HAL_GPIO_Init
    gpio.o(.ARM.exidx.text.MX_GPIO_Init) refers to gpio.o(.text.MX_GPIO_Init) for [Anonymous Symbol]
    tim.o(.text.MX_TIM1_Init) refers to stm32f7xx_hal_tim.o(.text.HAL_TIM_Base_Init) for HAL_TIM_Base_Init
    tim.o(.text.MX_TIM1_Init) refers to main.o(.text.Error_Handler) for Error_Handler
    tim.o(.text.MX_TIM1_Init) refers to stm32f7xx_hal_tim.o(.text.HAL_TIM_ConfigClockSource) for HAL_TIM_ConfigClockSource
    tim.o(.text.MX_TIM1_Init) refers to stm32f7xx_hal_tim_ex.o(.text.HAL_TIMEx_MasterConfigSynchronization) for HAL_TIMEx_MasterConfigSynchronization
[...]
    Removing stm32f7xx_hal_exti.o(.ARM.exidx.text.HAL_EXTI_GetHandle), (8 bytes).
    Removing stm32f7xx_hal_exti.o(.text.HAL_EXTI_IRQHandler), (38 bytes).
    Removing stm32f7xx_hal_exti.o(.ARM.exidx.text.HAL_EXTI_IRQHandler), (8 bytes).
    Removing stm32f7xx_hal_exti.o(.text.HAL_EXTI_GetPending), (28 bytes).
    Removing stm32f7xx_hal_exti.o(.ARM.exidx.text.HAL_EXTI_GetPending), (8 bytes).
    Removing stm32f7xx_hal_exti.o(.text.HAL_EXTI_ClearPending), (24 bytes).
    Removing stm32f7xx_hal_exti.o(.ARM.exidx.text.HAL_EXTI_ClearPending), (8 bytes).
    Removing stm32f7xx_hal_exti.o(.text.HAL_EXTI_GenerateSWI), (24 bytes).
    Removing stm32f7xx_hal_exti.o(.ARM.exidx.text.HAL_EXTI_GenerateSWI), (8 bytes).
    Removing stm32f7xx_hal_uart.o(.text), (0 bytes).
    Removing stm32f7xx_hal_uart.o(.ARM.exidx.text.HAL_UART_Init), (8 bytes).
    Removing stm32f7xx_hal_uart.o(.text.HAL_UART_MspInit), (2 bytes).
    Removing stm32f7xx_hal_uart.o(.ARM.exidx.text.HAL_UART_MspInit), (8 bytes).
    Removing stm32f7xx_hal_uart.o(.ARM.exidx.text.UART_SetConfig), (8 bytes).
    Removing stm32f7xx_hal_uart.o(.ARM.exidx.text.UART_AdvFeatureConfig), (8 bytes).
    Removing stm32f7xx_hal_uart.o(.ARM.exidx.text.UART_CheckIdleState), (8 bytes).
    Removing stm32f7xx_hal_uart.o(.text.HAL_HalfDuplex_Init), (104 bytes).
    Removing stm32f7xx_hal_uart.o(.ARM.exidx.text.HAL_HalfDuplex_Init), (8 bytes).
    Removing stm32f7xx_hal_uart.o(.text.HAL_LIN_Init), (128 bytes).
    Removing stm32f7xx_hal_uart.o(.ARM.exidx.text.HAL_LIN_Init), (8 bytes).
    Removing stm32f7xx_hal_uart.o(.text.HAL_MultiProcessor_Init), (128 bytes).
    Removing stm32f7xx_hal_uart.o(.ARM.exidx.text.HAL_MultiProcessor_Init), (8 bytes).
    Removing stm32f7xx_hal_uart.o(.text.HAL_UART_DeInit), (62 bytes).
    Removing stm32f7xx_hal_uart.o(.ARM.exidx.text.HAL_UART_DeInit), (8 bytes).
    Removing stm32f7xx_hal_uart.o(.text.HAL_UART_MspDeInit), (2 bytes).
    Removing stm32f7xx_hal_uart.o(.ARM.exidx.text.HAL_UART_MspDeInit), (8 bytes).
    Removing stm32f7xx_hal_uart.o(.ARM.exidx.text.HAL_UART_Transmit), (8 bytes).
    Removing stm32f7xx_hal_uart.o(.ARM.exidx.text.UART_WaitOnFlagUntilTimeout), (8 bytes).
    Removing stm32f7xx_hal_uart.o(.text.HAL_UART_Receive), (238 bytes).
    Removing stm32f7xx_hal_uart.o(.ARM.exidx.text.HAL_UART_Receive), (8 bytes).
    Removing stm32f7xx_hal_uart.o(.text.HAL_UART_Transmit_IT), (110 bytes).
    Removing stm32f7xx_hal_uart.o(.ARM.exidx.text.HAL_UART_Transmit_IT), (8 bytes).
    Removing stm32f7xx_hal_uart.o(.text.UART_TxISR_16BIT), (86 bytes).
    Removing stm32f7xx_hal_uart.o(.ARM.exidx.text.UART_TxISR_16BIT), (8 bytes).
    Removing stm32f7xx_hal_uart.o(.text.UART_TxISR_8BIT), (82 bytes).
    Removing stm32f7xx_hal_uart.o(.ARM.exidx.text.UART_TxISR_8BIT), (8 bytes).
    Removing stm32f7xx_hal_uart.o(.text.HAL_UART_Receive_IT), (76 bytes).
    Removing stm32f7xx_hal_uart.o(.ARM.exidx.text.HAL_UART_Receive_IT), (8 bytes).
    Removing stm32f7xx_hal_uart.o(.text.UART_Start_Receive_IT), (186 bytes).
    Removing stm32f7xx_hal_uart.o(.ARM.exidx.text.UART_Start_Receive_IT), (8 bytes).
    Removing stm32f7xx_hal_uart.o(.text.HAL_UART_Transmit_DMA), (136 bytes).
    Removing stm32f7xx_hal_uart.o(.ARM.exidx.text.HAL_UART_Transmit_DMA), (8 bytes).
    Removing stm32f7xx_hal_uart.o(.text.UART_DMATransmitCplt), (62 bytes).
    Removing stm32f7xx_hal_uart.o(.ARM.exidx.text.UART_DMATransmitCplt), (8 bytes).
    Removing stm32f7xx_hal_uart.o(.text.UART_DMATxHalfCplt), (6 bytes).
    Removing stm32f7xx_hal_uart.o(.ARM.exidx.text.UART_DMATxHalfCplt), (8 bytes).
    Removing stm32f7xx_hal_uart.o(.text.UART_DMAError), (84 bytes).
    Removing stm32f7xx_hal_uart.o(.ARM.exidx.text.UART_DMAError), (8 bytes).
    Removing stm32f7xx_hal_uart.o(.text.HAL_UART_Receive_DMA), (74 bytes).
    Removing stm32f7xx_hal_uart.o(.ARM.exidx.text.HAL_UART_Receive_DMA), (8 bytes).
    Removing stm32f7xx_hal_uart.o(.text.UART_Start_Receive_DMA), (156 bytes).
    Removing stm32f7xx_hal_uart.o(.ARM.exidx.text.UART_Start_Receive_DMA), (8 bytes).
    Removing stm32f7xx_hal_uart.o(.text.HAL_UART_DMAPause), (120 bytes).
    Removing stm32f7xx_hal_uart.o(.ARM.exidx.text.HAL_UART_DMAPause), (8 bytes).
    Removing stm32f7xx_hal_uart.o(.text.HAL_UART_DMAResume), (112 bytes).
    Removing stm32f7xx_hal_uart.o(.ARM.exidx.text.HAL_UART_DMAResume), (8 bytes).
    Removing stm32f7xx_hal_uart.o(.text.HAL_UART_DMAStop), (152 bytes).
    Removing stm32f7xx_hal_uart.o(.ARM.exidx.text.HAL_UART_DMAStop), (8 bytes).
    Removing stm32f7xx_hal_uart.o(.text.UART_EndTxTransfer), (26 bytes).
    Removing stm32f7xx_hal_uart.o(.ARM.exidx.text.UART_EndTxTransfer), (8 bytes).
    Removing stm32f7xx_hal_uart.o(.text.UART_EndRxTransfer), (82 bytes).
    Removing stm32f7xx_hal_uart.o(.ARM.exidx.text.UART_EndRxTransfer), (8 bytes).
    Removing stm32f7xx_hal_uart.o(.text.HAL_UART_Abort), (228 bytes).
    Removing stm32f7xx_hal_uart.o(.ARM.exidx.text.HAL_UART_Abort), (8 bytes).
    Removing stm32f7xx_hal_uart.o(.text.HAL_UART_AbortTransmit), (98 bytes).
    Removing stm32f7xx_hal_uart.o(.ARM.exidx.text.HAL_UART_AbortTransmit), (8 bytes).
    Removing stm32f7xx_hal_uart.o(.text.HAL_UART_AbortReceive), (164 bytes).
    Removing stm32f7xx_hal_uart.o(.ARM.exidx.text.HAL_UART_AbortReceive), (8 bytes).
    Removing stm32f7xx_hal_uart.o(.text.HAL_UART_Abort_IT), (268 bytes).
    Removing stm32f7xx_hal_uart.o(.ARM.exidx.text.HAL_UART_Abort_IT), (8 bytes).
    Removing stm32f7xx_hal_uart.o(.text.UART_DMATxAbortCallback), (52 bytes).
    Removing stm32f7xx_hal_uart.o(.ARM.exidx.text.UART_DMATxAbortCallback), (8 bytes).
    Removing stm32f7xx_hal_uart.o(.text.UART_DMARxAbortCallback), (60 bytes).
    Removing stm32f7xx_hal_uart.o(.ARM.exidx.text.UART_DMARxAbortCallback), (8 bytes).
    Removing stm32f7xx_hal_uart.o(.text.HAL_UART_AbortCpltCallback), (2 bytes).
    Removing stm32f7xx_hal_uart.o(.ARM.exidx.text.HAL_UART_AbortCpltCallback), (8 bytes).
    Removing stm32f7xx_hal_uart.o(.text.HAL_UART_AbortTransmit_IT), (130 bytes).
    Removing stm32f7xx_hal_uart.o(.ARM.exidx.text.HAL_UART_AbortTransmit_IT), (8 bytes).
    Removing stm32f7xx_hal_uart.o(.text.UART_DMATxOnlyAbortCallback), (16 bytes).
    Removing stm32f7xx_hal_uart.o(.ARM.exidx.text.UART_DMATxOnlyAbortCallback), (8 bytes).
    Removing stm32f7xx_hal_uart.o(.text.HAL_UART_AbortTransmitCpltCallback), (2 bytes).
    Removing stm32f7xx_hal_uart.o(.ARM.exidx.text.HAL_UART_AbortTransmitCpltCallback), (8 bytes).
    Removing stm32f7xx_hal_uart.o(.text.HAL_UART_AbortReceive_IT), (204 bytes).
    Removing stm32f7xx_hal_uart.o(.ARM.exidx.text.HAL_UART_AbortReceive_IT), (8 bytes).
    Removing stm32f7xx_hal_uart.o(.text.UART_DMARxOnlyAbortCallback), (34 bytes).
    Removing stm32f7xx_hal_uart.o(.ARM.exidx.text.UART_DMARxOnlyAbortCallback), (8 bytes).
    Removing stm32f7xx_hal_uart.o(.text.HAL_UART_AbortReceiveCpltCallback), (2 bytes).
    Removing stm32f7xx_hal_uart.o(.ARM.exidx.text.HAL_UART_AbortReceiveCpltCallback), (8 bytes).
    Removing stm32f7xx_hal_uart.o(.text.HAL_UART_IRQHandler), (714 bytes).
    Removing stm32f7xx_hal_uart.o(.ARM.exidx.text.HAL_UART_IRQHandler), (8 bytes).
    Removing stm32f7xx_hal_uart.o(.text.UART_DMAAbortOnError), (16 bytes).
    Removing stm32f7xx_hal_uart.o(.ARM.exidx.text.UART_DMAAbortOnError), (8 bytes).
    Removing stm32f7xx_hal_uart.o(.text.HAL_UART_ErrorCallback), (2 bytes).
    Removing stm32f7xx_hal_uart.o(.ARM.exidx.text.HAL_UART_ErrorCallback), (8 bytes).
    Removing stm32f7xx_hal_uart.o(.text.HAL_UARTEx_RxEventCallback), (2 bytes).
    Removing stm32f7xx_hal_uart.o(.ARM.exidx.text.HAL_UARTEx_RxEventCallback), (8 bytes).
    Removing stm32f7xx_hal_uart.o(.text.HAL_UARTEx_WakeupCallback), (2 bytes).
    Removing stm32f7xx_hal_uart.o(.ARM.exidx.text.HAL_UARTEx_WakeupCallback), (8 bytes).
    Removing stm32f7xx_hal_uart.o(.text.UART_EndTransmit_IT), (32 bytes).
    Removing stm32f7xx_hal_uart.o(.ARM.exidx.text.UART_EndTransmit_IT), (8 bytes).
    Removing stm32f7xx_hal_uart.o(.text.HAL_UART_TxCpltCallback), (2 bytes).
    Removing stm32f7xx_hal_uart.o(.ARM.exidx.text.HAL_UART_TxCpltCallback), (8 bytes).
    Removing stm32f7xx_hal_uart.o(.text.HAL_UART_TxHalfCpltCallback), (2 bytes).
    Removing stm32f7xx_hal_uart.o(.ARM.exidx.text.HAL_UART_TxHalfCpltCallback), (8 bytes).
    Removing stm32f7xx_hal_uart.o(.text.HAL_UART_RxCpltCallback), (2 bytes).
    Removing stm32f7xx_hal_uart.o(.ARM.exidx.text.HAL_UART_RxCpltCallback), (8 bytes).
    Removing stm32f7xx_hal_uart.o(.text.HAL_UART_RxHalfCpltCallback), (2 bytes).
    Removing stm32f7xx_hal_uart.o(.ARM.exidx.text.HAL_UART_RxHalfCpltCallback), (8 bytes).
    Removing stm32f7xx_hal_uart.o(.text.HAL_UART_ReceiverTimeout_Config), (14 bytes).
    Removing stm32f7xx_hal_uart.o(.ARM.exidx.text.HAL_UART_ReceiverTimeout_Config), (8 bytes).
    Removing stm32f7xx_hal_uart.o(.text.HAL_UART_EnableReceiverTimeout), (48 bytes).
    Removing stm32f7xx_hal_uart.o(.ARM.exidx.text.HAL_UART_EnableReceiverTimeout), (8 bytes).
    Removing stm32f7xx_hal_uart.o(.text.HAL_UART_DisableReceiverTimeout), (48 bytes).
    Removing stm32f7xx_hal_uart.o(.ARM.exidx.text.HAL_UART_DisableReceiverTimeout), (8 bytes).
    Removing stm32f7xx_hal_uart.o(.text.HAL_MultiProcessor_EnableMuteMode), (52 bytes).
    Removing stm32f7xx_hal_uart.o(.ARM.exidx.text.HAL_MultiProcessor_EnableMuteMode), (8 bytes).
    Removing stm32f7xx_hal_uart.o(.text.HAL_MultiProcessor_DisableMuteMode), (52 bytes).
    Removing stm32f7xx_hal_uart.o(.ARM.exidx.text.HAL_MultiProcessor_DisableMuteMode), (8 bytes).
    Removing stm32f7xx_hal_uart.o(.text.HAL_MultiProcessor_EnterMuteMode), (12 bytes).
    Removing stm32f7xx_hal_uart.o(.ARM.exidx.text.HAL_MultiProcessor_EnterMuteMode), (8 bytes).
    Removing stm32f7xx_hal_uart.o(.text.HAL_HalfDuplex_EnableTransmitter), (78 bytes).
    Removing stm32f7xx_hal_uart.o(.ARM.exidx.text.HAL_HalfDuplex_EnableTransmitter), (8 bytes).
    Removing stm32f7xx_hal_uart.o(.text.HAL_HalfDuplex_EnableReceiver), (78 bytes).
    Removing stm32f7xx_hal_uart.o(.ARM.exidx.text.HAL_HalfDuplex_EnableReceiver), (8 bytes).
    Removing stm32f7xx_hal_uart.o(.text.HAL_LIN_SendBreak), (42 bytes).
    Removing stm32f7xx_hal_uart.o(.ARM.exidx.text.HAL_LIN_SendBreak), (8 bytes).
    Removing stm32f7xx_hal_uart.o(.text.HAL_UART_GetState), (10 bytes).
    Removing stm32f7xx_hal_uart.o(.ARM.exidx.text.HAL_UART_GetState), (8 bytes).
    Removing stm32f7xx_hal_uart.o(.text.HAL_UART_GetError), (6 bytes).
    Removing stm32f7xx_hal_uart.o(.ARM.exidx.text.HAL_UART_GetError), (8 bytes).
    Removing stm32f7xx_hal_uart.o(.text.UART_RxISR_16BIT), (162 bytes).
    Removing stm32f7xx_hal_uart.o(.ARM.exidx.text.UART_RxISR_16BIT), (8 bytes).
    Removing stm32f7xx_hal_uart.o(.text.UART_RxISR_8BIT), (162 bytes).
    Removing stm32f7xx_hal_uart.o(.ARM.exidx.text.UART_RxISR_8BIT), (8 bytes).
    Removing stm32f7xx_hal_uart.o(.text.UART_DMAReceiveCplt), (130 bytes).
    Removing stm32f7xx_hal_uart.o(.ARM.exidx.text.UART_DMAReceiveCplt), (8 bytes).
    Removing stm32f7xx_hal_uart.o(.text.UART_DMARxHalfCplt), (26 bytes).
    Removing stm32f7xx_hal_uart.o(.ARM.exidx.text.UART_DMARxHalfCplt), (8 bytes).
    Removing stm32f7xx_hal_uart_ex.o(.text), (0 bytes).
    Removing stm32f7xx_hal_uart_ex.o(.text.HAL_RS485Ex_Init), (126 bytes).
    Removing stm32f7xx_hal_uart_ex.o(.ARM.exidx.text.HAL_RS485Ex_Init), (8 bytes).
    Removing stm32f7xx_hal_uart_ex.o(.text.HAL_UARTEx_EnableClockStopMode), (50 bytes).
    Removing stm32f7xx_hal_uart_ex.o(.ARM.exidx.text.HAL_UARTEx_EnableClockStopMode), (8 bytes).
    Removing stm32f7xx_hal_uart_ex.o(.text.HAL_UARTEx_DisableClockStopMode), (50 bytes).
    Removing stm32f7xx_hal_uart_ex.o(.ARM.exidx.text.HAL_UARTEx_DisableClockStopMode), (8 bytes).
    Removing stm32f7xx_hal_uart_ex.o(.text.HAL_MultiProcessorEx_AddressLength_Set), (42 bytes).
    Removing stm32f7xx_hal_uart_ex.o(.ARM.exidx.text.HAL_MultiProcessorEx_AddressLength_Set), (8 bytes).
    Removing stm32f7xx_hal_uart_ex.o(.text.HAL_UARTEx_StopModeWakeUpSourceConfig), (118 bytes).
    Removing stm32f7xx_hal_uart_ex.o(.ARM.exidx.text.HAL_UARTEx_StopModeWakeUpSourceConfig), (8 bytes).
    Removing stm32f7xx_hal_uart_ex.o(.text.UARTEx_Wakeup_AddressConfig), (28 bytes).
    Removing stm32f7xx_hal_uart_ex.o(.ARM.exidx.text.UARTEx_Wakeup_AddressConfig), (8 bytes).
    Removing stm32f7xx_hal_uart_ex.o(.text.HAL_UARTEx_EnableStopMode), (50 bytes).
    Removing stm32f7xx_hal_uart_ex.o(.ARM.exidx.text.HAL_UARTEx_EnableStopMode), (8 bytes).
    Removing stm32f7xx_hal_uart_ex.o(.text.HAL_UARTEx_DisableStopMode), (50 bytes).
    Removing stm32f7xx_hal_uart_ex.o(.ARM.exidx.text.HAL_UARTEx_DisableStopMode), (8 bytes).
    Removing stm32f7xx_hal_uart_ex.o(.text.HAL_UARTEx_ReceiveToIdle), (332 bytes).
    Removing stm32f7xx_hal_uart_ex.o(.ARM.exidx.text.HAL_UARTEx_ReceiveToIdle), (8 bytes).
    Removing stm32f7xx_hal_uart_ex.o(.text.HAL_UARTEx_ReceiveToIdle_IT), (90 bytes).
    Removing stm32f7xx_hal_uart_ex.o(.ARM.exidx.text.HAL_UARTEx_ReceiveToIdle_IT), (8 bytes).
    Removing stm32f7xx_hal_uart_ex.o(.text.HAL_UARTEx_ReceiveToIdle_DMA), (90 bytes).
    Removing stm32f7xx_hal_uart_ex.o(.ARM.exidx.text.HAL_UARTEx_ReceiveToIdle_DMA), (8 bytes).
    Removing stm32f7xx_hal_uart_ex.o(.text.HAL_UARTEx_GetRxEventType), (4 bytes).
    Removing stm32f7xx_hal_uart_ex.o(.ARM.exidx.text.HAL_UARTEx_GetRxEventType), (8 bytes).
    Removing system_stm32f7xx.o(.text), (0 bytes).
    Removing system_stm32f7xx.o(.ARM.exidx.text.SystemInit), (8 bytes).
    Removing system_stm32f7xx.o(.text.SystemCoreClockUpdate), (126 bytes).
    Removing system_stm32f7xx.o(.ARM.exidx.text.SystemCoreClockUpdate), (8 bytes).

1040 unused section(s) (total 52713 bytes) removed from the image.

==============================================================================

Image Symbol Table

    Local Symbols

    Symbol Name                              Value     Ov Type        Size  Object(Section)

    ../clib/microlib/division.c              0x00000000   Number         0  uldiv.o ABSOLUTE
    ../clib/microlib/division.c              0x00000000   Number         0  uidiv.o ABSOLUTE
    ../clib/microlib/init/entry.s            0x00000000   Number         0  entry.o ABSOLUTE
    ../clib/microlib/init/entry.s            0x00000000   Number         0  entry2.o ABSOLUTE
    ../clib/microlib/init/entry.s            0x00000000   Number         0  entry5.o ABSOLUTE
    ../clib/microlib/init/entry.s            0x00000000   Number         0  entry7a.o ABSOLUTE
    ../clib/microlib/init/entry.s            0x00000000   Number         0  entry7b.o ABSOLUTE
    ../clib/microlib/init/entry.s            0x00000000   Number         0  entry8a.o ABSOLUTE
    ../clib/microlib/init/entry.s            0x00000000   Number         0  entry8b.o ABSOLUTE
    ../clib/microlib/init/entry.s            0x00000000   Number         0  entry9a.o ABSOLUTE
    ../clib/microlib/init/entry.s            0x00000000   Number         0  entry9b.o ABSOLUTE
    ../clib/microlib/init/entry.s            0x00000000   Number         0  entry10a.o ABSOLUTE
    ../clib/microlib/init/entry.s            0x00000000   Number         0  entry10b.o ABSOLUTE
    ../clib/microlib/init/entry.s            0x00000000   Number         0  entry11a.o ABSOLUTE
    ../clib/microlib/init/entry.s            0x00000000   Number         0  entry11b.o ABSOLUTE
    ../clib/microlib/longlong.c              0x00000000   Number         0  llshl.o ABSOLUTE
    ../clib/microlib/longlong.c              0x00000000   Number         0  llushr.o ABSOLUTE
    ../clib/microlib/longlong.c              0x00000000   Number         0  llsshr.o ABSOLUTE
    ../clib/microlib/printf/printf.c         0x00000000   Number         0  printfb.o ABSOLUTE
    ../clib/microlib/printf/printf.c         0x00000000   Number         0  printf0.o ABSOLUTE
    ../clib/microlib/printf/printf.c         0x00000000   Number         0  printf1.o ABSOLUTE
    ../clib/microlib/printf/printf.c         0x00000000   Number         0  printf2.o ABSOLUTE
    ../clib/microlib/printf/printf.c         0x00000000   Number         0  printf3.o ABSOLUTE
    ../clib/microlib/printf/printf.c         0x00000000   Number         0  printf4.o ABSOLUTE
    ../clib/microlib/printf/printf.c         0x00000000   Number         0  printf5.o ABSOLUTE
    ../clib/microlib/printf/printf.c         0x00000000   Number         0  printf6.o ABSOLUTE
    ../clib/microlib/printf/printf.c         0x00000000   Number         0  printf7.o ABSOLUTE
    ../clib/microlib/printf/printf.c         0x00000000   Number         0  printf8.o ABSOLUTE
    ../clib/microlib/printf/printf.c         0x00000000   Number         0  printfa.o ABSOLUTE
    ../clib/microlib/printf/stubs.s          0x00000000   Number         0  printfstubs.o ABSOLUTE
    ../clib/microlib/stdio/puts.c            0x00000000   Number         0  puts.o ABSOLUTE
    ../clib/microlib/stdio/puts.c            0x00000000   Number         0  puts_e.o ABSOLUTE
    ../clib/microlib/stdio/streams.c         0x00000000   Number         0  stdout.o ABSOLUTE
    ../clib/microlib/string/memset.c         0x00000000   Number         0  memseta.o ABSOLUTE
    ../clib/microlib/string/strcat.c         0x00000000   Number         0  strcat.o ABSOLUTE
    ../clib/microlib/string/strlen.c         0x00000000   Number         0  strlen.o ABSOLUTE
    ../clib/microlib/stubs.s                 0x00000000   Number         0  iusefp.o ABSOLUTE
    ../fplib/microlib/fpadd.c                0x00000000   Number         0  dadd.o ABSOLUTE
    ../fplib/microlib/fpdiv.c                0x00000000   Number         0  ddiv.o ABSOLUTE
    ../fplib/microlib/fpepilogue.c           0x00000000   Number         0  depilogue.o ABSOLUTE
    ../fplib/microlib/fpfix.c                0x00000000   Number         0  dfixul.o ABSOLUTE
    ../fplib/microlib/fpmul.c                0x00000000   Number         0  dmul.o ABSOLUTE
    cdrcmple.s                               0x00000000   Number         0  cdrcmple.o ABSOLUTE
    dc.s                                     0x00000000   Number         0  dc.o ABSOLUTE
    gpio.c                                   0x00000000   Number         0  gpio.o ABSOLUTE
    handlers.s                               0x00000000   Number         0  handlers.o ABSOLUTE
    init.s                                   0x00000000   Number         0  init.o ABSOLUTE
    main.c                                   0x00000000   Number         0  main.o ABSOLUTE
    startup_stm32f767xx.s                    0x00000000   Number         0  startup_stm32f767xx.o ABSOLUTE
    stm32f7xx_hal.c                          0x00000000   Number         0  stm32f7xx_hal.o ABSOLUTE
    stm32f7xx_hal_cortex.c                   0x00000000   Number         0  stm32f7xx_hal_cortex.o ABSOLUTE
    stm32f7xx_hal_dma.c                      0x00000000   Number         0  stm32f7xx_hal_dma.o ABSOLUTE
    stm32f7xx_hal_dma_ex.c                   0x00000000   Number         0  stm32f7xx_hal_dma_ex.o ABSOLUTE
    stm32f7xx_hal_exti.c                     0x00000000   Number         0  stm32f7xx_hal_exti.o ABSOLUTE
    stm32f7xx_hal_flash.c                    0x00000000   Number         0  stm32f7xx_hal_flash.o ABSOLUTE
    stm32f7xx_hal_flash_ex.c                 0x00000000   Number         0  stm32f7xx_hal_flash_ex.o ABSOLUTE
    stm32f7xx_hal_gpio.c                     0x00000000   Number         0  stm32f7xx_hal_gpio.o ABSOLUTE
    stm32f7xx_hal_i2c.c                      0x00000000   Number         0  stm32f7xx_hal_i2c.o ABSOLUTE
    stm32f7xx_hal_i2c_ex.c                   0x00000000   Number         0  stm32f7xx_hal_i2c_ex.o ABSOLUTE
    stm32f7xx_hal_msp.c                      0x00000000   Number         0  stm32f7xx_hal_msp.o ABSOLUTE
    stm32f7xx_hal_pwr.c                      0x00000000   Number         0  stm32f7xx_hal_pwr.o ABSOLUTE
    stm32f7xx_hal_pwr_ex.c                   0x00000000   Number         0  stm32f7xx_hal_pwr_ex.o ABSOLUTE
    stm32f7xx_hal_rcc.c                      0x00000000   Number         0  stm32f7xx_hal_rcc.o ABSOLUTE
    stm32f7xx_hal_rcc_ex.c                   0x00000000   Number         0  stm32f7xx_hal_rcc_ex.o ABSOLUTE
    stm32f7xx_hal_tim.c                      0x00000000   Number         0  stm32f7xx_hal_tim.o ABSOLUTE
    stm32f7xx_hal_tim_ex.c                   0x00000000   Number         0  stm32f7xx_hal_tim_ex.o ABSOLUTE
    stm32f7xx_hal_uart.c                     0x00000000   Number         0  stm32f7xx_hal_uart.o ABSOLUTE
    stm32f7xx_hal_uart_ex.c                  0x00000000   Number         0  stm32f7xx_hal_uart_ex.o ABSOLUTE
    stm32f7xx_it.c                           0x00000000   Number         0  stm32f7xx_it.o ABSOLUTE
    system_stm32f7xx.c                       0x00000000   Number         0  system_stm32f7xx.o ABSOLUTE
    tim.c                                    0x00000000   Number         0  tim.o ABSOLUTE
    usart.c                                  0x00000000   Number         0  usart.o ABSOLUTE
    RESET                                    0x08000000   Section      504  startup_stm32f767xx.o(RESET)
    .ARM.Collect$$$$00000000                 0x080001f8   Section        0  entry.o(.ARM.Collect$$$$00000000)
    .ARM.Collect$$$$00000001                 0x080001f8   Section        4  entry2.o(.ARM.Collect$$$$00000001)
    .ARM.Collect$$$$00000004                 0x080001fc   Section        4  entry5.o(.ARM.Collect$$$$00000004)
    .ARM.Collect$$$$00000008                 0x08000200   Section        0  entry7b.o(.ARM.Collect$$$$00000008)
    .ARM.Collect$$$$0000000A                 0x08000200   Section        0  entry8b.o(.ARM.Collect$$$$0000000A)
    .ARM.Collect$$$$0000000B                 0x08000200   Section        8  entry9a.o(.ARM.Collect$$$$0000000B)
    __lit__00000000                          0x08000208   Data           4  entry2.o(.ARM.Collect$$$$00002712)
    .ARM.Collect$$$$0000000D                 0x08000208   Section        0  entry10a.o(.ARM.Collect$$$$0000000D)
    .ARM.Collect$$$$0000000F                 0x08000208   Section        0  entry11a.o(.ARM.Collect$$$$0000000F)
    .ARM.Collect$$$$00002712                 0x08000208   Section        4  entry2.o(.ARM.Collect$$$$00002712)
    $v0                                      0x0800020c   Number         0  startup_stm32f767xx.o(.text)
    .text                                    0x0800020c   Section       36  startup_stm32f767xx.o(.text)
    .text                                    0x08000230   Section        0  uldiv.o(.text)
    .text                                    0x08000292   Section        0  memseta.o(.text)
    .text                                    0x080002b6   Section        0  strcat.o(.text)
    .text                                    0x080002ce   Section        0  strlen.o(.text)
    .text                                    0x080002dc   Section        0  uidiv.o(.text)
    .text                                    0x08000308   Section        0  llshl.o(.text)
    .text                                    0x08000326   Section        0  llushr.o(.text)
    .text                                    0x08000346   Section        0  iusefp.o(.text)
    .text                                    0x08000346   Section        0  dadd.o(.text)
    .text                                    0x08000494   Section        0  dmul.o(.text)
    .text                                    0x08000578   Section        0  ddiv.o(.text)
    .text                                    0x08000656   Section        0  dfixul.o(.text)
    .text                                    0x08000688   Section       48  cdrcmple.o(.text)
    .text                                    0x080006b8   Section       36  init.o(.text)
    .text                                    0x080006dc   Section        0  llsshr.o(.text)
    .text                                    0x08000700   Section        0  depilogue.o(.text)
    [Anonymous Symbol]                       0x080007ba   Section        0  stm32f7xx_it.o(.text.BusFault_Handler)
    [Anonymous Symbol]                       0x080007bc   Section        0  stm32f7xx_it.o(.text.DebugMon_Handler)
    [Anonymous Symbol]                       0x080007be   Section        0  main.o(.text.Error_Handler)
    [Anonymous Symbol]                       0x080007c0   Section        0  stm32f7xx_hal.o(.text.HAL_Delay)
    [Anonymous Symbol]                       0x080007e8   Section        0  stm32f7xx_hal_gpio.o(.text.HAL_GPIO_Init)
    [Anonymous Symbol]                       0x080009b0   Section        0  stm32f7xx_hal_gpio.o(.text.HAL_GPIO_TogglePin)
    [Anonymous Symbol]                       0x080009c0   Section        0  stm32f7xx_hal_gpio.o(.text.HAL_GPIO_WritePin)
    [Anonymous Symbol]                       0x080009d0   Section        0  stm32f7xx_hal.o(.text.HAL_GetTick)
    [Anonymous Symbol]                       0x080009e0   Section        0  stm32f7xx_hal.o(.text.HAL_IncTick)
    [Anonymous Symbol]                       0x08000a00   Section        0  stm32f7xx_hal.o(.text.HAL_Init)
    [Anonymous Symbol]                       0x08000a18   Section        0  stm32f7xx_hal.o(.text.HAL_InitTick)
    [Anonymous Symbol]                       0x08000a68   Section        0  stm32f7xx_hal_msp.o(.text.HAL_MspInit)
    __arm_cp.0_0                             0x08000a94   Number         4  stm32f7xx_hal_msp.o(.text.HAL_MspInit)
    [Anonymous Symbol]                       0x08000a98   Section        0  stm32f7xx_hal_cortex.o(.text.HAL_NVIC_EnableIRQ)
    [Anonymous Symbol]                       0x08000aa0   Section        0  stm32f7xx_hal_cortex.o(.text.HAL_NVIC_SetPriority)
    [Anonymous Symbol]                       0x08000ac0   Section        0  stm32f7xx_hal_cortex.o(.text.HAL_NVIC_SetPriorityGrouping)
    [Anonymous Symbol]                       0x08000ac8   Section        0  stm32f7xx_hal_pwr_ex.o(.text.HAL_PWREx_EnableOverDrive)
    [Anonymous Symbol]                       0x08000b40   Section        0  stm32f7xx_hal_rcc_ex.o(.text.HAL_RCCEx_PeriphCLKConfig)
    [Anonymous Symbol]                       0x08001100   Section        0  stm32f7xx_hal_rcc.o(.text.HAL_RCC_ClockConfig)
    [Anonymous Symbol]                       0x08001248   Section        0  stm32f7xx_hal_rcc.o(.text.HAL_RCC_GetHCLKFreq)
    [Anonymous Symbol]                       0x08001258   Section        0  stm32f7xx_hal_rcc.o(.text.HAL_RCC_GetPCLK1Freq)
    [Anonymous Symbol]                       0x08001280   Section        0  stm32f7xx_hal_rcc.o(.text.HAL_RCC_GetPCLK2Freq)
    [Anonymous Symbol]                       0x080012a8   Section        0  stm32f7xx_hal_rcc.o(.text.HAL_RCC_GetSysClockFreq)
    [Anonymous Symbol]                       0x08001318   Section        0  stm32f7xx_hal_rcc.o(.text.HAL_RCC_OscConfig)
    [Anonymous Symbol]                       0x080016a0   Section        0  stm32f7xx_hal_cortex.o(.text.HAL_SYSTICK_Config)
    [Anonymous Symbol]                       0x080016a8   Section        0  stm32f7xx_hal_tim_ex.o(.text.HAL_TIMEx_Break2Callback)
    [Anonymous Symbol]                       0x080016b0   Section        0  stm32f7xx_hal_tim_ex.o(.text.HAL_TIMEx_BreakCallback)
    [Anonymous Symbol]                       0x080016b8   Section        0  stm32f7xx_hal_tim_ex.o(.text.HAL_TIMEx_CommutCallback)
    [Anonymous Symbol]                       0x080016c0   Section        0  stm32f7xx_hal_tim_ex.o(.text.HAL_TIMEx_MasterConfigSynchronization)
    [Anonymous Symbol]                       0x08001790   Section        0  stm32f7xx_hal_tim.o(.text.HAL_TIM_Base_Init)
    [Anonymous Symbol]                       0x080017f0   Section        0  tim.o(.text.HAL_TIM_Base_MspInit)
    __arm_cp.2_0                             0x08001874   Number         4  tim.o(.text.HAL_TIM_Base_MspInit)
    __arm_cp.2_1                             0x08001878   Number         4  tim.o(.text.HAL_TIM_Base_MspInit)
    __arm_cp.2_2                             0x0800187c   Number         4  tim.o(.text.HAL_TIM_Base_MspInit)
    [Anonymous Symbol]                       0x08001880   Section        0  stm32f7xx_hal_tim.o(.text.HAL_TIM_Base_Start)
    [Anonymous Symbol]                       0x08001930   Section        0  stm32f7xx_hal_tim.o(.text.HAL_TIM_Base_Start_IT)
    [Anonymous Symbol]                       0x080019e8   Section        0  stm32f7xx_hal_tim.o(.text.HAL_TIM_ConfigClockSource)
    [Anonymous Symbol]                       0x08001ac8   Section        0  stm32f7xx_hal_tim.o(.text.HAL_TIM_IC_CaptureCallback)
    [Anonymous Symbol]                       0x08001ad0   Section        0  stm32f7xx_hal_tim.o(.text.HAL_TIM_IRQHandler)
    [Anonymous Symbol]                       0x08001c58   Section        0  stm32f7xx_hal_tim.o(.text.HAL_TIM_OC_DelayElapsedCallback)
    [Anonymous Symbol]                       0x08001c60   Section        0  stm32f7xx_hal_tim.o(.text.HAL_TIM_PWM_PulseFinishedCallback)
    [Anonymous Symbol]                       0x08001c64   Section        0  tim.o(.text.HAL_TIM_PeriodElapsedCallback)
    __arm_cp.4_0                             0x08001ce8   Number         4  tim.o(.text.HAL_TIM_PeriodElapsedCallback)
    __arm_cp.4_1                             0x08001cec   Number         4  tim.o(.text.HAL_TIM_PeriodElapsedCallback)
    __arm_cp.4_2                             0x08001cf0   Number         4  tim.o(.text.HAL_TIM_PeriodElapsedCallback)
    __arm_cp.4_3                             0x08001cf4   Number         4  tim.o(.text.HAL_TIM_PeriodElapsedCallback)
    [Anonymous Symbol]                       0x08001d40   Section        0  stm32f7xx_hal_tim.o(.text.HAL_TIM_SlaveConfigSynchro)
    [Anonymous Symbol]                       0x08001d90   Section        0  stm32f7xx_hal_tim.o(.text.HAL_TIM_TriggerCallback)
    [Anonymous Symbol]                       0x08001d98   Section        0  stm32f7xx_hal_uart.o(.text.HAL_UART_Init)
    [Anonymous Symbol]                       0x08001df8   Section        0  usart.o(.text.HAL_UART_MspInit)
    [Anonymous Symbol]                       0x08001eb8   Section        0  stm32f7xx_hal_uart.o(.text.HAL_UART_Transmit)
    [Anonymous Symbol]                       0x08001f6e   Section        0  stm32f7xx_it.o(.text.HardFault_Handler)
    [Anonymous Symbol]                       0x08001f70   Section        0  gpio.o(.text.MX_GPIO_Init)
    __arm_cp.2_0                             0x0800201c   Number         4  gpio.o(.text.MX_GPIO_Init)
    __arm_cp.2_1                             0x08002020   Number         4  gpio.o(.text.MX_GPIO_Init)
    __arm_cp.2_2                             0x08002024   Number         4  gpio.o(.text.MX_GPIO_Init)
    __arm_cp.2_3                             0x08002028   Number         4  gpio.o(.text.MX_GPIO_Init)
    [Anonymous Symbol]                       0x0800202c   Section        0  tim.o(.text.MX_TIM1_Init)
    __arm_cp.0_1                             0x08002094   Number         4  tim.o(.text.MX_TIM1_Init)
    [Anonymous Symbol]                       0x08002098   Section        0  tim.o(.text.MX_TIM2_Init)
    __arm_cp.1_0                             0x08002104   Number         4  tim.o(.text.MX_TIM2_Init)
    [Anonymous Symbol]                       0x08002108   Section        0  usart.o(.text.MX_USART1_UART_Init)
    __arm_cp.2_0                             0x0800213c   Number         4  usart.o(.text.MX_USART1_UART_Init)
    __arm_cp.2_1                             0x08002140   Number         4  usart.o(.text.MX_USART1_UART_Init)
    [Anonymous Symbol]                       0x08002144   Section        0  usart.o(.text.MX_USART2_UART_Init)
    __arm_cp.3_0                             0x08002178   Number         4  usart.o(.text.MX_USART2_UART_Init)
    __arm_cp.3_1                             0x0800217c   Number         4  usart.o(.text.MX_USART2_UART_Init)
    [Anonymous Symbol]                       0x08002180   Section        0  stm32f7xx_it.o(.text.MemManage_Handler)
    [Anonymous Symbol]                       0x08002184   Section        0  usart.o(.text.Motor_Rotate)
    __arm_cp.6_0                             0x080022bc   Number         4  usart.o(.text.Motor_Rotate)
    __arm_cp.6_1                             0x080022c0   Number         4  usart.o(.text.Motor_Rotate)
    __arm_cp.6_3                             0x080022c8   Number         4  usart.o(.text.Motor_Rotate)
    [Anonymous Symbol]                       0x080022cc   Section        0  stm32f7xx_it.o(.text.NMI_Handler)
    NVIC_EncodePriority                      0x080022d1   Thumb Code    46  stm32f7xx_hal_cortex.o(.text.NVIC_EncodePriority)
    [Anonymous Symbol]                       0x080022d0   Section        0  stm32f7xx_hal_cortex.o(.text.NVIC_EncodePriority)
    [Anonymous Symbol]                       0x080022fe   Section        0  stm32f7xx_it.o(.text.PendSV_Handler)
    [Anonymous Symbol]                       0x08002300   Section        0  stm32f7xx_it.o(.text.SVC_Handler)
    SysTick_Config                           0x08002309   Thumb Code    48  stm32f7xx_hal_cortex.o(.text.SysTick_Config)
    [Anonymous Symbol]                       0x08002308   Section        0  stm32f7xx_hal_cortex.o(.text.SysTick_Config)
    [Anonymous Symbol]                       0x08002338   Section        0  stm32f7xx_it.o(.text.SysTick_Handler)
    [Anonymous Symbol]                       0x0800233c   Section        0  main.o(.text.SystemClock_Config)
    __arm_cp.1_0                             0x080023c0   Number         4  main.o(.text.SystemClock_Config)
    __arm_cp.1_1                             0x080023c4   Number         4  main.o(.text.SystemClock_Config)
    [Anonymous Symbol]                       0x080023c8   Section        0  system_stm32f7xx.o(.text.SystemInit)
    [Anonymous Symbol]                       0x080023dc   Section        0  gpio.o(.text.TCS_Next)
    __arm_cp.1_0                             0x080023ec   Number         4  gpio.o(.text.TCS_Next)
    [Anonymous Symbol]                       0x080023f0   Section        0  stm32f7xx_it.o(.text.TIM1_UP_TIM10_IRQHandler)
    __arm_cp.9_0                             0x080023f8   Number         4  stm32f7xx_it.o(.text.TIM1_UP_TIM10_IRQHandler)
    [Anonymous Symbol]                       0x08002400   Section        0  stm32f7xx_hal_tim.o(.text.TIM_Base_SetConfig)
    [Anonymous Symbol]                       0x08002528   Section        0  stm32f7xx_hal_tim.o(.text.TIM_ETR_SetConfig)
    TIM_ITRx_SetConfig                       0x08002541   Thumb Code    16  stm32f7xx_hal_tim.o(.text.TIM_ITRx_SetConfig)
    [Anonymous Symbol]                       0x08002540   Section        0  stm32f7xx_hal_tim.o(.text.TIM_ITRx_SetConfig)
    TIM_SlaveTimer_SetConfig                 0x08002551   Thumb Code   152  stm32f7xx_hal_tim.o(.text.TIM_SlaveTimer_SetConfig)
    [Anonymous Symbol]                       0x08002550   Section        0  stm32f7xx_hal_tim.o(.text.TIM_SlaveTimer_SetConfig)
    TIM_TI1_ConfigInputStage                 0x080025e9   Thumb Code    34  stm32f7xx_hal_tim.o(.text.TIM_TI1_ConfigInputStage)
    [Anonymous Symbol]                       0x080025e8   Section        0  stm32f7xx_hal_tim.o(.text.TIM_TI1_ConfigInputStage)
    TIM_TI2_ConfigInputStage                 0x08002611   Thumb Code    36  stm32f7xx_hal_tim.o(.text.TIM_TI2_ConfigInputStage)
    [Anonymous Symbol]                       0x08002610   Section        0  stm32f7xx_hal_tim.o(.text.TIM_TI2_ConfigInputStage)
    [Anonymous Symbol]                       0x08002634   Section        0  usart.o(.text.UART2_Send)
    __arm_cp.0_0                             0x08002660   Number         4  usart.o(.text.UART2_Send)
    [Anonymous Symbol]                       0x08002668   Section        0  stm32f7xx_hal_uart.o(.text.UART_AdvFeatureConfig)
    [Anonymous Symbol]                       0x08002748   Section        0  stm32f7xx_hal_uart.o(.text.UART_CheckIdleState)
    [Anonymous Symbol]                       0x080027b8   Section        0  stm32f7xx_hal_uart.o(.text.UART_SetConfig)
    [Anonymous Symbol]                       0x080029f8   Section        0  stm32f7xx_hal_uart.o(.text.UART_WaitOnFlagUntilTimeout)
    [Anonymous Symbol]                       0x08002ae2   Section        0  stm32f7xx_it.o(.text.UsageFault_Handler)
    __NVIC_EnableIRQ                         0x08002ae9   Thumb Code    32  stm32f7xx_hal_cortex.o(.text.__NVIC_EnableIRQ)
    [Anonymous Symbol]                       0x08002ae8   Section        0  stm32f7xx_hal_cortex.o(.text.__NVIC_EnableIRQ)
    __NVIC_GetPriorityGrouping               0x08002b09   Thumb Code    16  stm32f7xx_hal_cortex.o(.text.__NVIC_GetPriorityGrouping)
    [Anonymous Symbol]                       0x08002b08   Section        0  stm32f7xx_hal_cortex.o(.text.__NVIC_GetPriorityGrouping)
    __NVIC_SetPriority                       0x08002b19   Thumb Code    36  stm32f7xx_hal_cortex.o(.text.__NVIC_SetPriority)
    [Anonymous Symbol]                       0x08002b18   Section        0  stm32f7xx_hal_cortex.o(.text.__NVIC_SetPriority)
    __NVIC_SetPriorityGrouping               0x08002b41   Thumb Code    32  stm32f7xx_hal_cortex.o(.text.__NVIC_SetPriorityGrouping)
    [Anonymous Symbol]                       0x08002b40   Section        0  stm32f7xx_hal_cortex.o(.text.__NVIC_SetPriorityGrouping)
    [Anonymous Symbol]                       0x08002b60   Section        0  gpio.o(.text.filter)
    __arm_cp.0_0                             0x08002bd0   Number         4  gpio.o(.text.filter)
    [Anonymous Symbol]                       0x08002bd4   Section        0  usart.o(.text.fputc)
    __arm_cp.1_0                             0x08002bfc   Number         4  usart.o(.text.fputc)
    [Anonymous Symbol]                       0x08002c00   Section        0  main.o(.text.main)
    __arm_cp.0_0                             0x08002d68   Number         4  main.o(.text.main)
    __arm_cp.0_1                             0x08002d6c   Number         4  main.o(.text.main)
    __arm_cp.0_2                             0x08002d70   Number         4  main.o(.text.main)
    __arm_cp.0_3                             0x08002d74   Number         4  main.o(.text.main)
    __arm_cp.0_4                             0x08002d78   Number         4  main.o(.text.main)
    __arm_cp.0_5                             0x08002d7c   Number         4  main.o(.text.main)
    __arm_cp.0_10                            0x08002dac   Number         4  main.o(.text.main)
    __arm_cp.0_11                            0x08002db0   Number         4  main.o(.text.main)
    [Anonymous Symbol]                       0x08002dcc   Section        0  usart.o(.text.myitoa)
    i.__0printf                              0x08002e28   Section        0  printfa.o(i.__0printf)
    i.__scatterload_copy                     0x08002e48   Section       14  handlers.o(i.__scatterload_copy)
    i.__scatterload_null                     0x08002e56   Section        2  handlers.o(i.__scatterload_null)
    i.__scatterload_zeroinit                 0x08002e58   Section       14  handlers.o(i.__scatterload_zeroinit)
    _fp_digits                               0x08002e69   Thumb Code   366  printfa.o(i._fp_digits)
    i._fp_digits                             0x08002e68   Section        0  printfa.o(i._fp_digits)
    _printf_core                             0x08002fed   Thumb Code  1744  printfa.o(i._printf_core)
    i._printf_core                           0x08002fec   Section        0  printfa.o(i._printf_core)
    _printf_post_padding                     0x080036c9   Thumb Code    36  printfa.o(i._printf_post_padding)
    i._printf_post_padding                   0x080036c8   Section        0  printfa.o(i._printf_post_padding)
    _printf_pre_padding                      0x080036ed   Thumb Code    46  printfa.o(i._printf_pre_padding)
    i._printf_pre_padding                    0x080036ec   Section        0  printfa.o(i._printf_pre_padding)
    i.puts                                   0x0800371c   Section        0  puts.o(i.puts)
    .data                                    0x20000000   Section        4  stdout.o(.data)
    [Anonymous Symbol]                       0x20000010   Section        0  gpio.o(.bss..L_MergedGlobals)
    [Anonymous Symbol]                       0x20000018   Section        0  tim.o(.bss..L_MergedGlobals)
    STACK                                    0x200001e0   Section     1024  startup_stm32f767xx.o(STACK)

    Global Symbols

    Symbol Name                              Value     Ov Type        Size  Object(Section)

    BuildAttributes$$THM_ISAv4$E$P$D$K$B$S$7EM$VFPv5_D16$PE$PLD8$A:L22UL41UL21$X:L11$S22US41US21$IEEE1$IW$~IW$USESV6$~STKCKD$USESV7$~SHL$OTIME$ROPI$EBA8$MICROLIB$REQ8$PRES8$EABIv2 0x00000000   Number         0  anon$$obj.o ABSOLUTE
    _printf_a                                0x00000000   Number         0  printfstubs.o ABSOLUTE
    _printf_c                                0x00000000   Number         0  printfstubs.o ABSOLUTE
    _printf_charcount                        0x00000000   Number         0  printfstubs.o ABSOLUTE
    _printf_d                                0x00000000   Number         0  printfstubs.o ABSOLUTE
    _printf_e                                0x00000000   Number         0  printfstubs.o ABSOLUTE
    _printf_f                                0x00000000   Number         0  printfstubs.o ABSOLUTE
    _printf_flags                            0x00000000   Number         0  printfstubs.o ABSOLUTE
    _printf_fp_dec                           0x00000000   Number         0  printfstubs.o ABSOLUTE
    _printf_fp_hex                           0x00000000   Number         0  printfstubs.o ABSOLUTE
    _printf_g                                0x00000000   Number         0  printfstubs.o ABSOLUTE
    _printf_i                                0x00000000   Number         0  printfstubs.o ABSOLUTE
    _printf_int_dec                          0x00000000   Number         0  printfstubs.o ABSOLUTE
    _printf_l                                0x00000000   Number         0  printfstubs.o ABSOLUTE
    _printf_lc                               0x00000000   Number         0  printfstubs.o ABSOLUTE
    _printf_ll                               0x00000000   Number         0  printfstubs.o ABSOLUTE
    _printf_lld                              0x00000000   Number         0  printfstubs.o ABSOLUTE
    _printf_lli                              0x00000000   Number         0  printfstubs.o ABSOLUTE
    _printf_llo                              0x00000000   Number         0  printfstubs.o ABSOLUTE
    _printf_llu                              0x00000000   Number         0  printfstubs.o ABSOLUTE
    _printf_llx                              0x00000000   Number         0  printfstubs.o ABSOLUTE
    _printf_longlong_dec                     0x00000000   Number         0  printfstubs.o ABSOLUTE
    _printf_longlong_hex                     0x00000000   Number         0  printfstubs.o ABSOLUTE
    _printf_longlong_oct                     0x00000000   Number         0  printfstubs.o ABSOLUTE
    _printf_ls                               0x00000000   Number         0  printfstubs.o ABSOLUTE
    _printf_mbtowc                           0x00000000   Number         0  printfstubs.o ABSOLUTE
    _printf_n                                0x00000000   Number         0  printfstubs.o ABSOLUTE
    _printf_o                                0x00000000   Number         0  printfstubs.o ABSOLUTE
    _printf_p                                0x00000000   Number         0  printfstubs.o ABSOLUTE
    _printf_percent                          0x00000000   Number         0  printfstubs.o ABSOLUTE
    _printf_pre_padding                      0x00000000   Number         0  printfstubs.o ABSOLUTE
    _printf_return_value                     0x00000000   Number         0  printfstubs.o ABSOLUTE
    _printf_s                                0x00000000   Number         0  printfstubs.o ABSOLUTE
    _printf_sizespec                         0x00000000   Number         0  printfstubs.o ABSOLUTE
    _printf_str                              0x00000000   Number         0  printfstubs.o ABSOLUTE
    _printf_truncate_signed                  0x00000000   Number         0  printfstubs.o ABSOLUTE
    _printf_truncate_unsigned                0x00000000   Number         0  printfstubs.o ABSOLUTE
    _printf_u                                0x00000000   Number         0  printfstubs.o ABSOLUTE
    _printf_wc                               0x00000000   Number         0  printfstubs.o ABSOLUTE
    _printf_wctomb                           0x00000000   Number         0  printfstubs.o ABSOLUTE
    _printf_widthprec                        0x00000000   Number         0  printfstubs.o ABSOLUTE
    _printf_x                                0x00000000   Number         0  printfstubs.o ABSOLUTE
    __cpp_initialize__aeabi_                  - Undefined Weak Reference
    __cxa_finalize                            - Undefined Weak Reference
    __decompress                              - Undefined Weak Reference
    _clock_init                               - Undefined Weak Reference
    _microlib_exit                            - Undefined Weak Reference
    __Vectors_Size                           0x000001f8   Number         0  startup_stm32f767xx.o ABSOLUTE
    __Vectors                                0x08000000   Data           4  startup_stm32f767xx.o(RESET)
    __Vectors_End                            0x080001f8   Data           0  startup_stm32f767xx.o(RESET)
    __main                                   0x080001f9   Thumb Code     0  entry.o(.ARM.Collect$$$$00000000)
    _main_stk                                0x080001f9   Thumb Code     0  entry2.o(.ARM.Collect$$$$00000001)
    _main_scatterload                        0x080001fd   Thumb Code     0  entry5.o(.ARM.Collect$$$$00000004)
    __main_after_scatterload                 0x08000201   Thumb Code     0  entry5.o(.ARM.Collect$$$$00000004)
    _main_clock                              0x08000201   Thumb Code     0  entry7b.o(.ARM.Collect$$$$00000008)
    _main_cpp_init                           0x08000201   Thumb Code     0  entry8b.o(.ARM.Collect$$$$0000000A)
    _main_init                               0x08000201   Thumb Code     0  entry9a.o(.ARM.Collect$$$$0000000B)
    __rt_final_cpp                           0x08000209   Thumb Code     0  entry10a.o(.ARM.Collect$$$$0000000D)
    __rt_final_exit                          0x08000209   Thumb Code     0  entry11a.o(.ARM.Collect$$$$0000000F)
    Reset_Handler                            0x0800020d   Thumb Code     8  startup_stm32f767xx.o(.text)
    ADC_IRQHandler                           0x08000227   Thumb Code     0  startup_stm32f767xx.o(.text)
    CAN1_RX0_IRQHandler                      0x08000227   Thumb Code     0  startup_stm32f767xx.o(.text)
    CAN1_RX1_IRQHandler                      0x08000227   Thumb Code     0  startup_stm32f767xx.o(.text)
    CAN1_SCE_IRQHandler                      0x08000227   Thumb Code     0  startup_stm32f767xx.o(.text)
    CAN1_TX_IRQHandler                       0x08000227   Thumb Code     0  startup_stm32f767xx.o(.text)
    CAN2_RX0_IRQHandler                      0x08000227   Thumb Code     0  startup_stm32f767xx.o(.text)
    CAN2_RX1_IRQHandler                      0x08000227   Thumb Code     0  startup_stm32f767xx.o(.text)
    CAN2_SCE_IRQHandler                      0x08000227   Thumb Code     0  startup_stm32f767xx.o(.text)
    CAN2_TX_IRQHandler                       0x08000227   Thumb Code     0  startup_stm32f767xx.o(.text)
    CAN3_RX0_IRQHandler                      0x08000227   Thumb Code     0  startup_stm32f767xx.o(.text)
    CAN3_RX1_IRQHandler                      0x08000227   Thumb Code     0  startup_stm32f767xx.o(.text)
    CAN3_SCE_IRQHandler                      0x08000227   Thumb Code     0  startup_stm32f767xx.o(.text)
    CAN3_TX_IRQHandler                       0x08000227   Thumb Code     0  startup_stm32f767xx.o(.text)
    CEC_IRQHandler                           0x08000227   Thumb Code     0  startup_stm32f767xx.o(.text)
    DCMI_IRQHandler                          0x08000227   Thumb Code     0  startup_stm32f767xx.o(.text)
    DFSDM1_FLT0_IRQHandler                   0x08000227   Thumb Code     0  startup_stm32f767xx.o(.text)
    DFSDM1_FLT1_IRQHandler                   0x08000227   Thumb Code     0  startup_stm32f767xx.o(.text)
    DFSDM1_FLT2_IRQHandler                   0x08000227   Thumb Code     0  startup_stm32f767xx.o(.text)
    DFSDM1_FLT3_IRQHandler                   0x08000227   Thumb Code     0  startup_stm32f767xx.o(.text)
    DMA1_Stream0_IRQHandler                  0x08000227   Thumb Code     0  startup_stm32f767xx.o(.text)
    DMA1_Stream1_IRQHandler                  0x08000227   Thumb Code     0  startup_stm32f767xx.o(.text)
    DMA1_Stream2_IRQHandler                  0x08000227   Thumb Code     0  startup_stm32f767xx.o(.text)
    DMA1_Stream3_IRQHandler                  0x08000227   Thumb Code     0  startup_stm32f767xx.o(.text)
    DMA1_Stream4_IRQHandler                  0x08000227   Thumb Code     0  startup_stm32f767xx.o(.text)
    DMA1_Stream5_IRQHandler                  0x08000227   Thumb Code     0  startup_stm32f767xx.o(.text)
    DMA1_Stream6_IRQHandler                  0x08000227   Thumb Code     0  startup_stm32f767xx.o(.text)
    DMA1_Stream7_IRQHandler                  0x08000227   Thumb Code     0  startup_stm32f767xx.o(.text)
    DMA2D_IRQHandler                         0x08000227   Thumb Code     0  startup_stm32f767xx.o(.text)
    DMA2_Stream0_IRQHandler                  0x08000227   Thumb Code     0  startup_stm32f767xx.o(.text)
    DMA2_Stream1_IRQHandler                  0x08000227   Thumb Code     0  startup_stm32f767xx.o(.text)
    DMA2_Stream2_IRQHandler                  0x08000227   Thumb Code     0  startup_stm32f767xx.o(.text)
    DMA2_Stream3_IRQHandler                  0x08000227   Thumb Code     0  startup_stm32f767xx.o(.text)
    DMA2_Stream4_IRQHandler                  0x08000227   Thumb Code     0  startup_stm32f767xx.o(.text)
    DMA2_Stream5_IRQHandler                  0x08000227   Thumb Code     0  startup_stm32f767xx.o(.text)
    DMA2_Stream6_IRQHandler                  0x08000227   Thumb Code     0  startup_stm32f767xx.o(.text)
    DMA2_Stream7_IRQHandler                  0x08000227   Thumb Code     0  startup_stm32f767xx.o(.text)
    ETH_IRQHandler                           0x08000227   Thumb Code     0  startup_stm32f767xx.o(.text)
    ETH_WKUP_IRQHandler                      0x08000227   Thumb Code     0  startup_stm32f767xx.o(.text)
    EXTI0_IRQHandler                         0x08000227   Thumb Code     0  startup_stm32f767xx.o(.text)
    EXTI15_10_IRQHandler                     0x08000227   Thumb Code     0  startup_stm32f767xx.o(.text)
    EXTI1_IRQHandler                         0x08000227   Thumb Code     0  startup_stm32f767xx.o(.text)
    EXTI2_IRQHandler                         0x08000227   Thumb Code     0  startup_stm32f767xx.o(.text)
    EXTI3_IRQHandler                         0x08000227   Thumb Code     0  startup_stm32f767xx.o(.text)
    EXTI4_IRQHandler                         0x08000227   Thumb Code     0  startup_stm32f767xx.o(.text)
    EXTI9_5_IRQHandler                       0x08000227   Thumb Code     0  startup_stm32f767xx.o(.text)
    FLASH_IRQHandler                         0x08000227   Thumb Code     0  startup_stm32f767xx.o(.text)
    FMC_IRQHandler                           0x08000227   Thumb Code     0  startup_stm32f767xx.o(.text)
    FPU_IRQHandler                           0x08000227   Thumb Code     0  startup_stm32f767xx.o(.text)
    I2C1_ER_IRQHandler                       0x08000227   Thumb Code     0  startup_stm32f767xx.o(.text)
    I2C1_EV_IRQHandler                       0x08000227   Thumb Code     0  startup_stm32f767xx.o(.text)
    I2C2_ER_IRQHandler                       0x08000227   Thumb Code     0  startup_stm32f767xx.o(.text)
    I2C2_EV_IRQHandler                       0x08000227   Thumb Code     0  startup_stm32f767xx.o(.text)
    I2C3_ER_IRQHandler                       0x08000227   Thumb Code     0  startup_stm32f767xx.o(.text)
    I2C3_EV_IRQHandler                       0x08000227   Thumb Code     0  startup_stm32f767xx.o(.text)
    I2C4_ER_IRQHandler                       0x08000227   Thumb Code     0  startup_stm32f767xx.o(.text)
    I2C4_EV_IRQHandler                       0x08000227   Thumb Code     0  startup_stm32f767xx.o(.text)
    JPEG_IRQHandler                          0x08000227   Thumb Code     0  startup_stm32f767xx.o(.text)
    LPTIM1_IRQHandler                        0x08000227   Thumb Code     0  startup_stm32f767xx.o(.text)
    LTDC_ER_IRQHandler                       0x08000227   Thumb Code     0  startup_stm32f767xx.o(.text)
    LTDC_IRQHandler                          0x08000227   Thumb Code     0  startup_stm32f767xx.o(.text)
    MDIOS_IRQHandler                         0x08000227   Thumb Code     0  startup_stm32f767xx.o(.text)
    OTG_FS_IRQHandler                        0x08000227   Thumb Code     0  startup_stm32f767xx.o(.text)
    OTG_FS_WKUP_IRQHandler                   0x08000227   Thumb Code     0  startup_stm32f767xx.o(.text)
    OTG_HS_EP1_IN_IRQHandler                 0x08000227   Thumb Code     0  startup_stm32f767xx.o(.text)
    OTG_HS_EP1_OUT_IRQHandler                0x08000227   Thumb Code     0  startup_stm32f767xx.o(.text)
    OTG_HS_IRQHandler                        0x08000227   Thumb Code     0  startup_stm32f767xx.o(.text)
    OTG_HS_WKUP_IRQHandler                   0x08000227   Thumb Code     0  startup_stm32f767xx.o(.text)
    PVD_IRQHandler                           0x08000227   Thumb Code     0  startup_stm32f767xx.o(.text)
    QUADSPI_IRQHandler                       0x08000227   Thumb Code     0  startup_stm32f767xx.o(.text)
    RCC_IRQHandler                           0x08000227   Thumb Code     0  startup_stm32f767xx.o(.text)
    RNG_IRQHandler                           0x08000227   Thumb Code     0  startup_stm32f767xx.o(.text)
    RTC_Alarm_IRQHandler                     0x08000227   Thumb Code     0  startup_stm32f767xx.o(.text)
    RTC_WKUP_IRQHandler                      0x08000227   Thumb Code     0  startup_stm32f767xx.o(.text)
    SAI1_IRQHandler                          0x08000227   Thumb Code     0  startup_stm32f767xx.o(.text)
    SAI2_IRQHandler                          0x08000227   Thumb Code     0  startup_stm32f767xx.o(.text)
    SDMMC1_IRQHandler                        0x08000227   Thumb Code     0  startup_stm32f767xx.o(.text)
    SDMMC2_IRQHandler                        0x08000227   Thumb Code     0  startup_stm32f767xx.o(.text)
    SPDIF_RX_IRQHandler                      0x08000227   Thumb Code     0  startup_stm32f767xx.o(.text)
    SPI1_IRQHandler                          0x08000227   Thumb Code     0  startup_stm32f767xx.o(.text)
    SPI2_IRQHandler                          0x08000227   Thumb Code     0  startup_stm32f767xx.o(.text)
    SPI3_IRQHandler                          0x08000227   Thumb Code     0  startup_stm32f767xx.o(.text)
    SPI4_IRQHandler                          0x08000227   Thumb Code     0  startup_stm32f767xx.o(.text)
    SPI5_IRQHandler                          0x08000227   Thumb Code     0  startup_stm32f767xx.o(.text)
    SPI6_IRQHandler                          0x08000227   Thumb Code     0  startup_stm32f767xx.o(.text)
    TAMP_STAMP_IRQHandler                    0x08000227   Thumb Code     0  startup_stm32f767xx.o(.text)
    TIM1_BRK_TIM9_IRQHandler                 0x08000227   Thumb Code     0  startup_stm32f767xx.o(.text)
    TIM1_CC_IRQHandler                       0x08000227   Thumb Code     0  startup_stm32f767xx.o(.text)
    TIM1_TRG_COM_TIM11_IRQHandler            0x08000227   Thumb Code     0  startup_stm32f767xx.o(.text)
    TIM2_IRQHandler                          0x08000227   Thumb Code     0  startup_stm32f767xx.o(.text)
    TIM3_IRQHandler                          0x08000227   Thumb Code     0  startup_stm32f767xx.o(.text)
    TIM4_IRQHandler                          0x08000227   Thumb Code     0  startup_stm32f767xx.o(.text)
    TIM5_IRQHandler                          0x08000227   Thumb Code     0  startup_stm32f767xx.o(.text)
    TIM6_DAC_IRQHandler                      0x08000227   Thumb Code     0  startup_stm32f767xx.o(.text)
    TIM7_IRQHandler                          0x08000227   Thumb Code     0  startup_stm32f767xx.o(.text)
    TIM8_BRK_TIM12_IRQHandler                0x08000227   Thumb Code     0  startup_stm32f767xx.o(.text)
    TIM8_CC_IRQHandler                       0x08000227   Thumb Code     0  startup_stm32f767xx.o(.text)
    TIM8_TRG_COM_TIM14_IRQHandler            0x08000227   Thumb Code     0  startup_stm32f767xx.o(.text)
    TIM8_UP_TIM13_IRQHandler                 0x08000227   Thumb Code     0  startup_stm32f767xx.o(.text)
    UART4_IRQHandler                         0x08000227   Thumb Code     0  startup_stm32f767xx.o(.text)
    UART5_IRQHandler                         0x08000227   Thumb Code     0  startup_stm32f767xx.o(.text)
    UART7_IRQHandler                         0x08000227   Thumb Code     0  startup_stm32f767xx.o(.text)
    UART8_IRQHandler                         0x08000227   Thumb Code     0  startup_stm32f767xx.o(.text)
    USART1_IRQHandler                        0x08000227   Thumb Code     0  startup_stm32f767xx.o(.text)
    USART2_IRQHandler                        0x08000227   Thumb Code     0  startup_stm32f767xx.o(.text)
    USART3_IRQHandler                        0x08000227   Thumb Code     0  startup_stm32f767xx.o(.text)
    USART6_IRQHandler                        0x08000227   Thumb Code     0  startup_stm32f767xx.o(.text)
    WWDG_IRQHandler                          0x08000227   Thumb Code     0  startup_stm32f767xx.o(.text)
    __aeabi_uldivmod                         0x08000231   Thumb Code    98  uldiv.o(.text)
    __aeabi_memset                           0x08000293   Thumb Code    14  memseta.o(.text)
    __aeabi_memset4                          0x08000293   Thumb Code     0  memseta.o(.text)
    __aeabi_memset8                          0x08000293   Thumb Code     0  memseta.o(.text)
    __aeabi_memclr                           0x080002a1   Thumb Code     4  memseta.o(.text)
    __aeabi_memclr4                          0x080002a1   Thumb Code     0  memseta.o(.text)
    __aeabi_memclr8                          0x080002a1   Thumb Code     0  memseta.o(.text)
    _memset$wrapper                          0x080002a5   Thumb Code    18  memseta.o(.text)
    strcat                                   0x080002b7   Thumb Code    24  strcat.o(.text)
    strlen                                   0x080002cf   Thumb Code    14  strlen.o(.text)
    __aeabi_uidiv                            0x080002dd   Thumb Code     0  uidiv.o(.text)
    __aeabi_uidivmod                         0x080002dd   Thumb Code    44  uidiv.o(.text)
    __aeabi_llsl                             0x08000309   Thumb Code    30  llshl.o(.text)
    _ll_shift_l                              0x08000309   Thumb Code     0  llshl.o(.text)
    __aeabi_llsr                             0x08000327   Thumb Code    32  llushr.o(.text)
    _ll_ushift_r                             0x08000327   Thumb Code     0  llushr.o(.text)
    __I$use$fp                               0x08000347   Thumb Code     0  iusefp.o(.text)
    __aeabi_dadd                             0x08000347   Thumb Code   322  dadd.o(.text)
    __aeabi_dsub                             0x08000489   Thumb Code     6  dadd.o(.text)
    __aeabi_drsub                            0x0800048f   Thumb Code     6  dadd.o(.text)
    __aeabi_dmul                             0x08000495   Thumb Code   228  dmul.o(.text)
    __aeabi_ddiv                             0x08000579   Thumb Code   222  ddiv.o(.text)
    __aeabi_d2ulz                            0x08000657   Thumb Code    48  dfixul.o(.text)
    __aeabi_cdrcmple                         0x08000689   Thumb Code    48  cdrcmple.o(.text)
    __scatterload                            0x080006b9   Thumb Code    28  init.o(.text)
    __scatterload_rt2                        0x080006b9   Thumb Code     0  init.o(.text)
    __aeabi_lasr                             0x080006dd   Thumb Code    36  llsshr.o(.text)
    _ll_sshift_r                             0x080006dd   Thumb Code     0  llsshr.o(.text)
    _double_round                            0x08000701   Thumb Code    30  depilogue.o(.text)
    _double_epilogue                         0x0800071f   Thumb Code   156  depilogue.o(.text)
    BusFault_Handler                         0x080007bb   Thumb Code     2  stm32f7xx_it.o(.text.BusFault_Handler)
    DebugMon_Handler                         0x080007bd   Thumb Code     2  stm32f7xx_it.o(.text.DebugMon_Handler)
    Error_Handler                            0x080007bf   Thumb Code     2  main.o(.text.Error_Handler)
    HAL_Delay                                0x080007c1   Thumb Code    40  stm32f7xx_hal.o(.text.HAL_Delay)
    HAL_GPIO_Init                            0x080007e9   Thumb Code   452  stm32f7xx_hal_gpio.o(.text.HAL_GPIO_Init)
    HAL_GPIO_TogglePin                       0x080009b1   Thumb Code    16  stm32f7xx_hal_gpio.o(.text.HAL_GPIO_TogglePin)
    HAL_GPIO_WritePin                        0x080009c1   Thumb Code    10  stm32f7xx_hal_gpio.o(.text.HAL_GPIO_WritePin)
    HAL_GetTick                              0x080009d1   Thumb Code    12  stm32f7xx_hal.o(.text.HAL_GetTick)
    HAL_IncTick                              0x080009e1   Thumb Code    26  stm32f7xx_hal.o(.text.HAL_IncTick)
    HAL_Init                                 0x08000a01   Thumb Code    22  stm32f7xx_hal.o(.text.HAL_Init)
    HAL_InitTick                             0x08000a19   Thumb Code    80  stm32f7xx_hal.o(.text.HAL_InitTick)
    HAL_MspInit                              0x08000a69   Thumb Code    48  stm32f7xx_hal_msp.o(.text.HAL_MspInit)
    HAL_NVIC_EnableIRQ                       0x08000a99   Thumb Code     4  stm32f7xx_hal_cortex.o(.text.HAL_NVIC_EnableIRQ)
    HAL_NVIC_SetPriority                     0x08000aa1   Thumb Code    32  stm32f7xx_hal_cortex.o(.text.HAL_NVIC_SetPriority)
    HAL_NVIC_SetPriorityGrouping             0x08000ac1   Thumb Code     4  stm32f7xx_hal_cortex.o(.text.HAL_NVIC_SetPriorityGrouping)
    HAL_PWREx_EnableOverDrive                0x08000ac9   Thumb Code   118  stm32f7xx_hal_pwr_ex.o(.text.HAL_PWREx_EnableOverDrive)
    HAL_RCCEx_PeriphCLKConfig                0x08000b41   Thumb Code  1466  stm32f7xx_hal_rcc_ex.o(.text.HAL_RCCEx_PeriphCLKConfig)
    HAL_RCC_ClockConfig                      0x08001101   Thumb Code   328  stm32f7xx_hal_rcc.o(.text.HAL_RCC_ClockConfig)
    HAL_RCC_GetHCLKFreq                      0x08001249   Thumb Code    12  stm32f7xx_hal_rcc.o(.text.HAL_RCC_GetHCLKFreq)
    HAL_RCC_GetPCLK1Freq                     0x08001259   Thumb Code    34  stm32f7xx_hal_rcc.o(.text.HAL_RCC_GetPCLK1Freq)
    HAL_RCC_GetPCLK2Freq                     0x08001281   Thumb Code    34  stm32f7xx_hal_rcc.o(.text.HAL_RCC_GetPCLK2Freq)
    HAL_RCC_GetSysClockFreq                  0x080012a9   Thumb Code   106  stm32f7xx_hal_rcc.o(.text.HAL_RCC_GetSysClockFreq)
    HAL_RCC_OscConfig                        0x08001319   Thumb Code   898  stm32f7xx_hal_rcc.o(.text.HAL_RCC_OscConfig)
    HAL_SYSTICK_Config                       0x080016a1   Thumb Code     4  stm32f7xx_hal_cortex.o(.text.HAL_SYSTICK_Config)
    HAL_TIMEx_Break2Callback                 0x080016a9   Thumb Code     2  stm32f7xx_hal_tim_ex.o(.text.HAL_TIMEx_Break2Callback)
    HAL_TIMEx_BreakCallback                  0x080016b1   Thumb Code     2  stm32f7xx_hal_tim_ex.o(.text.HAL_TIMEx_BreakCallback)
    HAL_TIMEx_CommutCallback                 0x080016b9   Thumb Code     2  stm32f7xx_hal_tim_ex.o(.text.HAL_TIMEx_CommutCallback)
    HAL_TIMEx_MasterConfigSynchronization    0x080016c1   Thumb Code   202  stm32f7xx_hal_tim_ex.o(.text.HAL_TIMEx_MasterConfigSynchronization)
    HAL_TIM_Base_Init                        0x08001791   Thumb Code    96  stm32f7xx_hal_tim.o(.text.HAL_TIM_Base_Init)
    HAL_TIM_Base_MspInit                     0x080017f1   Thumb Code   144  tim.o(.text.HAL_TIM_Base_MspInit)
    HAL_TIM_Base_Start                       0x08001881   Thumb Code   170  stm32f7xx_hal_tim.o(.text.HAL_TIM_Base_Start)
    HAL_TIM_Base_Start_IT                    0x08001931   Thumb Code   178  stm32f7xx_hal_tim.o(.text.HAL_TIM_Base_Start_IT)
    HAL_TIM_ConfigClockSource                0x080019e9   Thumb Code   224  stm32f7xx_hal_tim.o(.text.HAL_TIM_ConfigClockSource)
    HAL_TIM_IC_CaptureCallback               0x08001ac9   Thumb Code     2  stm32f7xx_hal_tim.o(.text.HAL_TIM_IC_CaptureCallback)
    HAL_TIM_IRQHandler                       0x08001ad1   Thumb Code   392  stm32f7xx_hal_tim.o(.text.HAL_TIM_IRQHandler)
    HAL_TIM_OC_DelayElapsedCallback          0x08001c59   Thumb Code     2  stm32f7xx_hal_tim.o(.text.HAL_TIM_OC_DelayElapsedCallback)
    HAL_TIM_PWM_PulseFinishedCallback        0x08001c61   Thumb Code     2  stm32f7xx_hal_tim.o(.text.HAL_TIM_PWM_PulseFinishedCallback)
    HAL_TIM_PeriodElapsedCallback            0x08001c65   Thumb Code   220  tim.o(.text.HAL_TIM_PeriodElapsedCallback)
    HAL_TIM_SlaveConfigSynchro               0x08001d41   Thumb Code    74  stm32f7xx_hal_tim.o(.text.HAL_TIM_SlaveConfigSynchro)
    HAL_TIM_TriggerCallback                  0x08001d91   Thumb Code     2  stm32f7xx_hal_tim.o(.text.HAL_TIM_TriggerCallback)
    HAL_UART_Init                            0x08001d99   Thumb Code    96  stm32f7xx_hal_uart.o(.text.HAL_UART_Init)
    HAL_UART_MspInit                         0x08001df9   Thumb Code   188  usart.o(.text.HAL_UART_MspInit)
    HAL_UART_Transmit                        0x08001eb9   Thumb Code   182  stm32f7xx_hal_uart.o(.text.HAL_UART_Transmit)
    HardFault_Handler                        0x08001f6f   Thumb Code     2  stm32f7xx_it.o(.text.HardFault_Handler)
    MX_GPIO_Init                             0x08001f71   Thumb Code   188  gpio.o(.text.MX_GPIO_Init)
    MX_TIM1_Init                             0x0800202d   Thumb Code   108  tim.o(.text.MX_TIM1_Init)
    MX_TIM2_Init                             0x08002099   Thumb Code   112  tim.o(.text.MX_TIM2_Init)
    MX_USART1_UART_Init                      0x08002109   Thumb Code    60  usart.o(.text.MX_USART1_UART_Init)
    MX_USART2_UART_Init                      0x08002145   Thumb Code    60  usart.o(.text.MX_USART2_UART_Init)
    MemManage_Handler                        0x08002181   Thumb Code     2  stm32f7xx_it.o(.text.MemManage_Handler)
    Motor_Rotate                             0x08002185   Thumb Code   328  usart.o(.text.Motor_Rotate)
    NMI_Handler                              0x080022cd   Thumb Code     2  stm32f7xx_it.o(.text.NMI_Handler)
    PendSV_Handler                           0x080022ff   Thumb Code     2  stm32f7xx_it.o(.text.PendSV_Handler)
    SVC_Handler                              0x08002301   Thumb Code     2  stm32f7xx_it.o(.text.SVC_Handler)
    SysTick_Handler                          0x08002339   Thumb Code     4  stm32f7xx_it.o(.text.SysTick_Handler)
    SystemClock_Config                       0x0800233d   Thumb Code   140  main.o(.text.SystemClock_Config)
    SystemInit                               0x080023c9   Thumb Code    18  system_stm32f7xx.o(.text.SystemInit)
    TCS_Next                                 0x080023dd   Thumb Code    20  gpio.o(.text.TCS_Next)
    TIM1_UP_TIM10_IRQHandler                 0x080023f1   Thumb Code    12  stm32f7xx_it.o(.text.TIM1_UP_TIM10_IRQHandler)
    TIM_Base_SetConfig                       0x08002401   Thumb Code   296  stm32f7xx_hal_tim.o(.text.TIM_Base_SetConfig)
    TIM_ETR_SetConfig                        0x08002529   Thumb Code    20  stm32f7xx_hal_tim.o(.text.TIM_ETR_SetConfig)
    UART2_Send                               0x08002635   Thumb Code    48  usart.o(.text.UART2_Send)
    UART_AdvFeatureConfig                    0x08002669   Thumb Code   224  stm32f7xx_hal_uart.o(.text.UART_AdvFeatureConfig)
    UART_CheckIdleState                      0x08002749   Thumb Code   106  stm32f7xx_hal_uart.o(.text.UART_CheckIdleState)
    UART_SetConfig                           0x080027b9   Thumb Code   572  stm32f7xx_hal_uart.o(.text.UART_SetConfig)
    UART_WaitOnFlagUntilTimeout              0x080029f9   Thumb Code   234  stm32f7xx_hal_uart.o(.text.UART_WaitOnFlagUntilTimeout)
    UsageFault_Handler                       0x08002ae3   Thumb Code     2  stm32f7xx_it.o(.text.UsageFault_Handler)
    filter                                   0x08002b61   Thumb Code   116  gpio.o(.text.filter)
    fputc                                    0x08002bd5   Thumb Code    44  usart.o(.text.fputc)
    main                                     0x08002c01   Thumb Code   460  main.o(.text.main)
    myitoa                                   0x08002dcd   Thumb Code    90  usart.o(.text.myitoa)
    __0printf                                0x08002e29   Thumb Code    22  printfa.o(i.__0printf)
    __1printf                                0x08002e29   Thumb Code     0  printfa.o(i.__0printf)
    __2printf                                0x08002e29   Thumb Code     0  printfa.o(i.__0printf)
    __c89printf                              0x08002e29   Thumb Code     0  printfa.o(i.__0printf)
    printf                                   0x08002e29   Thumb Code     0  printfa.o(i.__0printf)
    __scatterload_copy                       0x08002e49   Thumb Code    14  handlers.o(i.__scatterload_copy)
    __scatterload_null                       0x08002e57   Thumb Code     2  handlers.o(i.__scatterload_null)
    __scatterload_zeroinit                   0x08002e59   Thumb Code    14  handlers.o(i.__scatterload_zeroinit)
    puts                                     0x0800371d   Thumb Code    30  puts.o(i.puts)
    AHBPrescTable                            0x08003740   Data          16  system_stm32f7xx.o(.rodata.AHBPrescTable)
    APBPrescTable                            0x08003750   Data           8  system_stm32f7xx.o(.rodata.APBPrescTable)
    Region$$Table$$Base                      0x08003758   Number         0  anon$$obj.o(Region$$Table)
    Region$$Table$$Limit                     0x08003778   Number         0  anon$$obj.o(Region$$Table)
    __stdout                                 0x20000000   Data           4  stdout.o(.data)
    SystemCoreClock                          0x20000004   Data           4  system_stm32f7xx.o(.data.SystemCoreClock)
    uwTickFreq                               0x20000008   Data           1  stm32f7xx_hal.o(.data.uwTickFreq)
    uwTickPrio                               0x2000000c   Data           4  stm32f7xx_hal.o(.data.uwTickPrio)
    flag                                     0x20000010   Data           4  gpio.o(.bss..L_MergedGlobals)
    count                                    0x20000014   Data           4  gpio.o(.bss..L_MergedGlobals)
    cnt                                      0x20000018   Data          12  tim.o(.bss..L_MergedGlobals)
    htim2                                    0x20000024   Data          76  tim.o(.bss..L_MergedGlobals)
    RGB_Scale                                0x20000070   Data          12  main.o(.bss.RGB_Scale)
    htim1                                    0x2000007c   Data          76  tim.o(.bss.htim1)
    huart1                                   0x200000c8   Data         136  usart.o(.bss.huart1)
    huart2                                   0x20000150   Data         136  usart.o(.bss.huart2)
    uwTick                                   0x200001d8   Data           4  stm32f7xx_hal.o(.bss.uwTick)
    __initial_sp                             0x200005e0   Data           0  startup_stm32f767xx.o(STACK)



==============================================================================

Memory Map of the image

  Image Entry point : 0x080001f9

  Load Region LR_IROM1 (Base: 0x08000000, Size: 0x00003788, Max: 0x00100000, ABSOLUTE)

    Execution Region ER_IROM1 (Exec base: 0x08000000, Load base: 0x08000000, Size: 0x00003778, Max: 0x00100000, ABSOLUTE)

    Exec Addr    Load Addr    Size         Type   Attr      Idx    E Section Name        Object

    0x08000000   0x08000000   0x000001f8   Data   RO            3    RESET               startup_stm32f767xx.o
    0x080001f8   0x080001f8   0x00000000   Code   RO         1339  * .ARM.Collect$$$$00000000  mc_w.l(entry.o)
    0x080001f8   0x080001f8   0x00000004   Code   RO         1615    .ARM.Collect$$$$00000001  mc_w.l(entry2.o)
    0x080001fc   0x080001fc   0x00000004   Code   RO         1618    .ARM.Collect$$$$00000004  mc_w.l(entry5.o)
    0x08000200   0x08000200   0x00000000   Code   RO         1620    .ARM.Collect$$$$00000008  mc_w.l(entry7b.o)
    0x08000200   0x08000200   0x00000000   Code   RO         1622    .ARM.Collect$$$$0000000A  mc_w.l(entry8b.o)
    0x08000200   0x08000200   0x00000008   Code   RO         1623    .ARM.Collect$$$$0000000B  mc_w.l(entry9a.o)
    0x08000208   0x08000208   0x00000000   Code   RO         1625    .ARM.Collect$$$$0000000D  mc_w.l(entry10a.o)
    0x08000208   0x08000208   0x00000000   Code   RO         1627    .ARM.Collect$$$$0000000F  mc_w.l(entry11a.o)
    0x08000208   0x08000208   0x00000004   Code   RO         1616    .ARM.Collect$$$$00002712  mc_w.l(entry2.o)
    0x0800020c   0x0800020c   0x00000024   Code   RO            4    .text               startup_stm32f767xx.o
    0x08000230   0x08000230   0x00000062   Code   RO         1346    .text               mc_w.l(uldiv.o)
    0x08000292   0x08000292   0x00000024   Code   RO         1348    .text               mc_w.l(memseta.o)
    0x080002b6   0x080002b6   0x00000018   Code   RO         1350    .text               mc_w.l(strcat.o)
    0x080002ce   0x080002ce   0x0000000e   Code   RO         1352    .text               mc_w.l(strlen.o)
    0x080002dc   0x080002dc   0x0000002c   Code   RO         1630    .text               mc_w.l(uidiv.o)
    0x08000308   0x08000308   0x0000001e   Code   RO         1632    .text               mc_w.l(llshl.o)
    0x08000326   0x08000326   0x00000020   Code   RO         1634    .text               mc_w.l(llushr.o)
    0x08000346   0x08000346   0x00000000   Code   RO         1636    .text               mc_w.l(iusefp.o)
    0x08000346   0x08000346   0x0000014e   Code   RO         1637    .text               mf_w.l(dadd.o)
    0x08000494   0x08000494   0x000000e4   Code   RO         1639    .text               mf_w.l(dmul.o)
    0x08000578   0x08000578   0x000000de   Code   RO         1641    .text               mf_w.l(ddiv.o)
    0x08000656   0x08000656   0x00000030   Code   RO         1643    .text               mf_w.l(dfixul.o)
    0x08000686   0x08000686   0x00000002   PAD
    0x08000688   0x08000688   0x00000030   Code   RO         1645    .text               mf_w.l(cdrcmple.o)
    0x080006b8   0x080006b8   0x00000024   Code   RO         1647    .text               mc_w.l(init.o)
    0x080006dc   0x080006dc   0x00000024   Code   RO         1649    .text               mc_w.l(llsshr.o)
    0x08000700   0x08000700   0x000000ba   Code   RO         1651    .text               mf_w.l(depilogue.o)
    0x080007ba   0x080007ba   0x00000002   Code   RO           99    .text.BusFault_Handler  stm32f7xx_it.o
    0x080007bc   0x080007bc   0x00000002   Code   RO          105    .text.DebugMon_Handler  stm32f7xx_it.o
    0x080007be   0x080007be   0x00000002   Code   RO           15    .text.Error_Handler  main.o
    0x080007c0   0x080007c0   0x00000028   Code   RO          879    .text.HAL_Delay     stm32f7xx_hal.o
    0x080007e8   0x080007e8   0x000001c4   Code   RO          700    .text.HAL_GPIO_Init  stm32f7xx_hal_gpio.o
    0x080009ac   0x080009ac   0x00000004   PAD
    0x080009b0   0x080009b0   0x00000010   Code   RO          708    .text.HAL_GPIO_TogglePin  stm32f7xx_hal_gpio.o
    0x080009c0   0x080009c0   0x0000000a   Code   RO          706    .text.HAL_GPIO_WritePin  stm32f7xx_hal_gpio.o
    0x080009ca   0x080009ca   0x00000006   PAD
    0x080009d0   0x080009d0   0x0000000c   Code   RO          871    .text.HAL_GetTick   stm32f7xx_hal.o
    0x080009dc   0x080009dc   0x00000004   PAD
    0x080009e0   0x080009e0   0x0000001a   Code   RO          869    .text.HAL_IncTick   stm32f7xx_hal.o
    0x080009fa   0x080009fa   0x00000006   PAD
    0x08000a00   0x08000a00   0x00000016   Code   RO          859    .text.HAL_Init      stm32f7xx_hal.o
    0x08000a16   0x08000a16   0x00000002   PAD
    0x08000a18   0x08000a18   0x00000050   Code   RO          861    .text.HAL_InitTick  stm32f7xx_hal.o
    0x08000a68   0x08000a68   0x00000030   Code   RO          121    .text.HAL_MspInit   stm32f7xx_hal_msp.o
    0x08000a98   0x08000a98   0x00000004   Code   RO          142    .text.HAL_NVIC_EnableIRQ  stm32f7xx_hal_cortex.o
    0x08000a9c   0x08000a9c   0x00000004   PAD
    0x08000aa0   0x08000aa0   0x00000020   Code   RO          134    .text.HAL_NVIC_SetPriority  stm32f7xx_hal_cortex.o
    0x08000ac0   0x08000ac0   0x00000004   Code   RO          130    .text.HAL_NVIC_SetPriorityGrouping  stm32f7xx_hal_cortex.o
    0x08000ac4   0x08000ac4   0x00000004   PAD
    0x08000ac8   0x08000ac8   0x00000076   Code   RO          840    .text.HAL_PWREx_EnableOverDrive  stm32f7xx_hal_pwr_ex.o
    0x08000b3e   0x08000b3e   0x00000002   PAD
    0x08000b40   0x08000b40   0x000005ba   Code   RO          590    .text.HAL_RCCEx_PeriphCLKConfig  stm32f7xx_hal_rcc_ex.o
    0x080010fa   0x080010fa   0x00000006   PAD
    0x08001100   0x08001100   0x00000148   Code   RO          557    .text.HAL_RCC_ClockConfig  stm32f7xx_hal_rcc.o
    0x08001248   0x08001248   0x0000000c   Code   RO          567    .text.HAL_RCC_GetHCLKFreq  stm32f7xx_hal_rcc.o
    0x08001254   0x08001254   0x00000004   PAD
    0x08001258   0x08001258   0x00000022   Code   RO          569    .text.HAL_RCC_GetPCLK1Freq  stm32f7xx_hal_rcc.o
    0x0800127a   0x0800127a   0x00000006   PAD
    0x08001280   0x08001280   0x00000022   Code   RO          571    .text.HAL_RCC_GetPCLK2Freq  stm32f7xx_hal_rcc.o
    0x080012a2   0x080012a2   0x00000006   PAD
    0x080012a8   0x080012a8   0x0000006a   Code   RO          559    .text.HAL_RCC_GetSysClockFreq  stm32f7xx_hal_rcc.o
    0x08001312   0x08001312   0x00000006   PAD
    0x08001318   0x08001318   0x00000382   Code   RO          555    .text.HAL_RCC_OscConfig  stm32f7xx_hal_rcc.o
    0x0800169a   0x0800169a   0x00000006   PAD
    0x080016a0   0x080016a0   0x00000004   Code   RO          154    .text.HAL_SYSTICK_Config  stm32f7xx_hal_cortex.o
    0x080016a4   0x080016a4   0x00000004   PAD
    0x080016a8   0x080016a8   0x00000002   Code   RO          538    .text.HAL_TIMEx_Break2Callback  stm32f7xx_hal_tim_ex.o
    0x080016aa   0x080016aa   0x00000006   PAD
    0x080016b0   0x080016b0   0x00000002   Code   RO          536    .text.HAL_TIMEx_BreakCallback  stm32f7xx_hal_tim_ex.o
    0x080016b2   0x080016b2   0x00000006   PAD
    0x080016b8   0x080016b8   0x00000002   Code   RO          532    .text.HAL_TIMEx_CommutCallback  stm32f7xx_hal_tim_ex.o
    0x080016ba   0x080016ba   0x00000006   PAD
    0x080016c0   0x080016c0   0x000000ca   Code   RO          522    .text.HAL_TIMEx_MasterConfigSynchronization  stm32f7xx_hal_tim_ex.o
    0x0800178a   0x0800178a   0x00000006   PAD
    0x08001790   0x08001790   0x00000060   Code   RO          203    .text.HAL_TIM_Base_Init  stm32f7xx_hal_tim.o
    0x080017f0   0x080017f0   0x00000090   Code   RO           48    .text.HAL_TIM_Base_MspInit  tim.o
    0x08001880   0x08001880   0x000000aa   Code   RO          213    .text.HAL_TIM_Base_Start  stm32f7xx_hal_tim.o
    0x0800192a   0x0800192a   0x00000006   PAD
    0x08001930   0x08001930   0x000000b2   Code   RO          217    .text.HAL_TIM_Base_Start_IT  stm32f7xx_hal_tim.o
    0x080019e2   0x080019e2   0x00000006   PAD
    0x080019e8   0x080019e8   0x000000e0   Code   RO          399    .text.HAL_TIM_ConfigClockSource  stm32f7xx_hal_tim.o
    0x08001ac8   0x08001ac8   0x00000002   Code   RO          339    .text.HAL_TIM_IC_CaptureCallback  stm32f7xx_hal_tim.o
    0x08001aca   0x08001aca   0x00000006   PAD
    0x08001ad0   0x08001ad0   0x00000188   Code   RO          337    .text.HAL_TIM_IRQHandler  stm32f7xx_hal_tim.o
    0x08001c58   0x08001c58   0x00000002   Code   RO          341    .text.HAL_TIM_OC_DelayElapsedCallback  stm32f7xx_hal_tim.o
    0x08001c5a   0x08001c5a   0x00000006   PAD
    0x08001c60   0x08001c60   0x00000002   Code   RO          343    .text.HAL_TIM_PWM_PulseFinishedCallback  stm32f7xx_hal_tim.o
    0x08001c62   0x08001c62   0x00000002   PAD
    0x08001c64   0x08001c64   0x000000dc   Code   RO           52    .text.HAL_TIM_PeriodElapsedCallback  tim.o
    0x08001d40   0x08001d40   0x0000004a   Code   RO          409    .text.HAL_TIM_SlaveConfigSynchro  stm32f7xx_hal_tim.o
    0x08001d8a   0x08001d8a   0x00000006   PAD
    0x08001d90   0x08001d90   0x00000002   Code   RO          347    .text.HAL_TIM_TriggerCallback  stm32f7xx_hal_tim.o
    0x08001d92   0x08001d92   0x00000006   PAD
    0x08001d98   0x08001d98   0x00000060   Code   RO         1148    .text.HAL_UART_Init  stm32f7xx_hal_uart.o
    0x08001df8   0x08001df8   0x000000bc   Code   RO           73    .text.HAL_UART_MspInit  usart.o
    0x08001eb4   0x08001eb4   0x00000004   PAD
    0x08001eb8   0x08001eb8   0x000000b6   Code   RO         1168    .text.HAL_UART_Transmit  stm32f7xx_hal_uart.o
    0x08001f6e   0x08001f6e   0x00000002   Code   RO           95    .text.HardFault_Handler  stm32f7xx_it.o
    0x08001f70   0x08001f70   0x000000bc   Code   RO           32    .text.MX_GPIO_Init  gpio.o
    0x0800202c   0x0800202c   0x0000006c   Code   RO           44    .text.MX_TIM1_Init  tim.o
    0x08002098   0x08002098   0x00000070   Code   RO           46    .text.MX_TIM2_Init  tim.o
    0x08002108   0x08002108   0x0000003c   Code   RO           69    .text.MX_USART1_UART_Init  usart.o
    0x08002144   0x08002144   0x0000003c   Code   RO           71    .text.MX_USART2_UART_Init  usart.o
    0x08002180   0x08002180   0x00000002   Code   RO           97    .text.MemManage_Handler  stm32f7xx_it.o
    0x08002182   0x08002182   0x00000002   PAD
    0x08002184   0x08002184   0x00000148   Code   RO           77    .text.Motor_Rotate  usart.o
    0x080022cc   0x080022cc   0x00000002   Code   RO           93    .text.NMI_Handler   stm32f7xx_it.o
    0x080022ce   0x080022ce   0x00000002   PAD
    0x080022d0   0x080022d0   0x0000002e   Code   RO          140    .text.NVIC_EncodePriority  stm32f7xx_hal_cortex.o
    0x080022fe   0x080022fe   0x00000002   Code   RO          107    .text.PendSV_Handler  stm32f7xx_it.o
    0x08002300   0x08002300   0x00000002   Code   RO          103    .text.SVC_Handler   stm32f7xx_it.o
    0x08002302   0x08002302   0x00000006   PAD
    0x08002308   0x08002308   0x00000030   Code   RO          156    .text.SysTick_Config  stm32f7xx_hal_cortex.o
    0x08002338   0x08002338   0x00000004   Code   RO          109    .text.SysTick_Handler  stm32f7xx_it.o
    0x0800233c   0x0800233c   0x0000008c   Code   RO           13    .text.SystemClock_Config  main.o
    0x080023c8   0x080023c8   0x00000012   Code   RO         1324    .text.SystemInit    system_stm32f7xx.o
    0x080023da   0x080023da   0x00000002   PAD
    0x080023dc   0x080023dc   0x00000014   Code   RO           30    .text.TCS_Next      gpio.o
    0x080023f0   0x080023f0   0x0000000c   Code   RO          111    .text.TIM1_UP_TIM10_IRQHandler  stm32f7xx_it.o
    0x080023fc   0x080023fc   0x00000004   PAD
    0x08002400   0x08002400   0x00000128   Code   RO          207    .text.TIM_Base_SetConfig  stm32f7xx_hal_tim.o
    0x08002528   0x08002528   0x00000014   Code   RO          397    .text.TIM_ETR_SetConfig  stm32f7xx_hal_tim.o
    0x0800253c   0x0800253c   0x00000004   PAD
    0x08002540   0x08002540   0x00000010   Code   RO          403    .text.TIM_ITRx_SetConfig  stm32f7xx_hal_tim.o
    0x08002550   0x08002550   0x00000098   Code   RO          411    .text.TIM_SlaveTimer_SetConfig  stm32f7xx_hal_tim.o
    0x080025e8   0x080025e8   0x00000022   Code   RO          401    .text.TIM_TI1_ConfigInputStage  stm32f7xx_hal_tim.o
    0x0800260a   0x0800260a   0x00000006   PAD
    0x08002610   0x08002610   0x00000024   Code   RO          405    .text.TIM_TI2_ConfigInputStage  stm32f7xx_hal_tim.o
    0x08002634   0x08002634   0x00000030   Code   RO           65    .text.UART2_Send    usart.o
    0x08002664   0x08002664   0x00000004   PAD
    0x08002668   0x08002668   0x000000e0   Code   RO         1154    .text.UART_AdvFeatureConfig  stm32f7xx_hal_uart.o
    0x08002748   0x08002748   0x0000006a   Code   RO         1156    .text.UART_CheckIdleState  stm32f7xx_hal_uart.o
    0x080027b2   0x080027b2   0x00000006   PAD
    0x080027b8   0x080027b8   0x0000023c   Code   RO         1152    .text.UART_SetConfig  stm32f7xx_hal_uart.o
    0x080029f4   0x080029f4   0x00000004   PAD
    0x080029f8   0x080029f8   0x000000ea   Code   RO         1170    .text.UART_WaitOnFlagUntilTimeout  stm32f7xx_hal_uart.o
    0x08002ae2   0x08002ae2   0x00000002   Code   RO          101    .text.UsageFault_Handler  stm32f7xx_it.o
    0x08002ae4   0x08002ae4   0x00000004   PAD
    0x08002ae8   0x08002ae8   0x00000020   Code   RO          144    .text.__NVIC_EnableIRQ  stm32f7xx_hal_cortex.o
    0x08002b08   0x08002b08   0x00000010   Code   RO          136    .text.__NVIC_GetPriorityGrouping  stm32f7xx_hal_cortex.o
    0x08002b18   0x08002b18   0x00000024   Code   RO          138    .text.__NVIC_SetPriority  stm32f7xx_hal_cortex.o
    0x08002b3c   0x08002b3c   0x00000004   PAD
    0x08002b40   0x08002b40   0x00000020   Code   RO          132    .text.__NVIC_SetPriorityGrouping  stm32f7xx_hal_cortex.o
    0x08002b60   0x08002b60   0x00000074   Code   RO           28    .text.filter        gpio.o
    0x08002bd4   0x08002bd4   0x0000002c   Code   RO           67    .text.fputc         usart.o
    0x08002c00   0x08002c00   0x000001cc   Code   RO           11    .text.main          main.o
    0x08002dcc   0x08002dcc   0x0000005a   Code   RO           79    .text.myitoa        usart.o
    0x08002e26   0x08002e26   0x00000002   PAD
    0x08002e28   0x08002e28   0x00000020   Code   RO         1587    i.__0printf         mc_w.l(printfa.o)
    0x08002e48   0x08002e48   0x0000000e   Code   RO         1655    i.__scatterload_copy  mc_w.l(handlers.o)
    0x08002e56   0x08002e56   0x00000002   Code   RO         1656    i.__scatterload_null  mc_w.l(handlers.o)
    0x08002e58   0x08002e58   0x0000000e   Code   RO         1657    i.__scatterload_zeroinit  mc_w.l(handlers.o)
    0x08002e66   0x08002e66   0x00000002   PAD
    0x08002e68   0x08002e68   0x00000184   Code   RO         1594    i._fp_digits        mc_w.l(printfa.o)
    0x08002fec   0x08002fec   0x000006dc   Code   RO         1595    i._printf_core      mc_w.l(printfa.o)
    0x080036c8   0x080036c8   0x00000024   Code   RO         1596    i._printf_post_padding  mc_w.l(printfa.o)
    0x080036ec   0x080036ec   0x0000002e   Code   RO         1597    i._printf_pre_padding  mc_w.l(printfa.o)
    0x0800371a   0x0800371a   0x00000002   PAD
    0x0800371c   0x0800371c   0x00000024   Code   RO         1342    i.puts              mc_w.l(puts.o)
    0x08003740   0x08003740   0x00000010   Data   RO         1329    .rodata.AHBPrescTable  system_stm32f7xx.o
    0x08003750   0x08003750   0x00000008   Data   RO         1330    .rodata.APBPrescTable  system_stm32f7xx.o
    0x08003758   0x08003758   0x00000020   Data   RO         1654    Region$$Table       anon$$obj.o


    Execution Region RW_IRAM1 (Exec base: 0x20000000, Load base: 0x08003778, Size: 0x000005e0, Max: 0x00080000, ABSOLUTE)

    Exec Addr    Load Addr    Size         Type   Attr      Idx    E Section Name        Object

    0x20000000   0x08003778   0x00000004   Data   RW         1629    .data               mc_w.l(stdout.o)
    0x20000004   0x0800377c   0x00000004   Data   RW         1328    .data.SystemCoreClock  system_stm32f7xx.o
    0x20000008   0x08003780   0x00000001   Data   RW          922    .data.uwTickFreq    stm32f7xx_hal.o
    0x20000009   0x08003781   0x00000003   PAD
    0x2000000c   0x08003784   0x00000004   Data   RW          921    .data.uwTickPrio    stm32f7xx_hal.o
    0x20000010        -       0x00000008   Zero   RW           34    .bss..L_MergedGlobals  gpio.o
    0x20000018        -       0x00000058   Zero   RW           55    .bss..L_MergedGlobals  tim.o
    0x20000070        -       0x0000000c   Zero   RW           17    .bss.RGB_Scale      main.o
    0x2000007c        -       0x0000004c   Zero   RW           54    .bss.htim1          tim.o
    0x200000c8        -       0x00000088   Zero   RW           82    .bss.huart1         usart.o
    0x20000150        -       0x00000088   Zero   RW           81    .bss.huart2         usart.o
    0x200001d8        -       0x00000004   Zero   RW          923    .bss.uwTick         stm32f7xx_hal.o
    0x200001dc   0x08003788   0x00000004   PAD
    0x200001e0        -       0x00000400   Zero   RW            1    STACK               startup_stm32f767xx.o


==============================================================================

Image component sizes


      Code (inc. data)   RO Data    RW Data    ZI Data      Debug   Object Name

       324         24          0          0          8       2770   gpio.o
       602        116          0          0         12       3399   main.o
        36          8        504          0       1024        852   startup_stm32f767xx.o
       180          0          0          5          4       8198   stm32f7xx_hal.o
       254          0          0          0          0      10984   stm32f7xx_hal_cortex.o
       478          0          0          0          0       5104   stm32f7xx_hal_gpio.o
        48          4          0          0          0       1546   stm32f7xx_hal_msp.o
       118          0          0          0          0       5662   stm32f7xx_hal_pwr_ex.o
      1412          0          0          0          0       7604   stm32f7xx_hal_rcc.o
      1466          0          0          0          0       6870   stm32f7xx_hal_rcc_ex.o
      1696          8          0          0          0      44647   stm32f7xx_hal_tim.o
       208          0          0          0          0      19504   stm32f7xx_hal_tim_ex.o
      1414         52          0          0          0      25851   stm32f7xx_hal_uart.o
        32          4          0          0          0       1138   stm32f7xx_it.o
        18          0         24          4          0       3311   system_stm32f7xx.o
       584        112          0          0        164       9173   tim.o
       818         40          0          0        272       8690   usart.o

    ----------------------------------------------------------------------
      9874        380        560         12       1488     165303   Object Totals
         0          0         32          0          0          0   (incl. Generated)
       186         12          0          3          4          0   (incl. Padding)

    ----------------------------------------------------------------------

      Code (inc. data)   RO Data    RW Data    ZI Data      Debug   Library Member Name

         0          0          0          0          0          0   entry.o
         0          0          0          0          0          0   entry10a.o
         0          0          0          0          0          0   entry11a.o
         8          4          0          0          0          0   entry2.o
         4          0          0          0          0          0   entry5.o
         0          0          0          0          0          0   entry7b.o
         0          0          0          0          0          0   entry8b.o
         8          4          0          0          0          0   entry9a.o
        30          0          0          0          0          0   handlers.o
        36          8          0          0          0         68   init.o
         0          0          0          0          0          0   iusefp.o
        30          0          0          0          0         68   llshl.o
        36          0          0          0          0         68   llsshr.o
        32          0          0          0          0         68   llushr.o
        36          0          0          0          0        108   memseta.o
      2258         90          0          0          0        452   printfa.o
        36          6          0          0          0         80   puts.o
         0          0          0          4          0          0   stdout.o
        24          0          0          0          0         68   strcat.o
        14          0          0          0          0         68   strlen.o
        44          0          0          0          0         80   uidiv.o
        98          0          0          0          0         92   uldiv.o
        48          0          0          0          0         68   cdrcmple.o
       334          0          0          0          0        148   dadd.o
       222          0          0          0          0        100   ddiv.o
       186          0          0          0          0        176   depilogue.o
        48          0          0          0          0         68   dfixul.o
       228          0          0          0          0         96   dmul.o

    ----------------------------------------------------------------------
      3766        112          0          4          0       1876   Library Totals
         6          0          0          0          0          0   (incl. Padding)

    ----------------------------------------------------------------------

      Code (inc. data)   RO Data    RW Data    ZI Data      Debug   Library Name

      2694        112          0          4          0       1220   mc_w.l
      1066          0          0          0          0        656   mf_w.l

    ----------------------------------------------------------------------
      3766        112          0          4          0       1876   Library Totals

    ----------------------------------------------------------------------

==============================================================================


      Code (inc. data)   RO Data    RW Data    ZI Data      Debug   

     13640        492        560         16       1488     166207   Grand Totals
     13640        492        560         16       1488     166207   ELF Image Totals
     13640        492        560         16          0          0   ROM Totals

==============================================================================

    Total RO  Size (Code + RO Data)                14200 (  13.87kB)
    Total RW  Size (RW Data + ZI Data)              1504 (   1.47kB)
    Total ROM Size (Code + RO Data + RW Data)      14216 (  13.88kB)

==============================================================================

